manifest 56 Counter({'atc_atco2_hard': 16, 'atc_uwb': 8, 'atc_atco2': 8, 'atc_atco2_mid': 8, 'atc_atco2_synth10': 8, 'atc_atco2_synth5': 8})
atc_uwb            snr  29.4 (wada   30.5  vad  28.2) 5.58s 10w uwb-atcc_TWR-34720N_002001_002559_AT
atc_uwb            snr  21.0 (wada   19.7  vad  22.3) 3.12s 11w uwb-atcc_TWR-a1WcrN_000157_000469_AT
atc_uwb            snr  25.5 (wada   26.0  vad  25.0) 3.52s 10w uwb-atcc_TWR-a3o8f0_000000_000352_AT
atc_uwb            snr  31.6 (wada   33.7  vad  29.6) 6.13s 17w uwb-atcc_TWR-A5lZHJ_000000_000613_AT
atc_uwb            snr  34.9 (wada   40.0  vad  29.9) 5.83s 19w uwb-atcc_TWR-A5lZHJ_002805_003388_PIAT
atc_uwb            snr  24.7 (wada   26.4  vad  23.0) 4.52s 12w uwb-atcc_TWR-a8R9jE_000144_000596_AT
atc_uwb            snr  32.0 (wada   35.1  vad  28.9) 3.23s  5w uwb-atcc_TWR-a8R9jE_000700_001023_PIAT
atc_uwb            snr  28.2 (wada   28.8  vad  27.7) 6.49s 12w uwb-atcc_TWR-A64ueL_000128_000777_PI
atc_atco2          snr  22.3 (wada   25.1  vad  19.6) 5.36s 15w _LKTB_BRNO_Tower_119_605MHz_20201028_185619-A__000000-000536
atc_atco2          snr  40.1 (wada   60.1  vad  20.0) 3.95s 13w O_Approach-Radar_127_350MHz_20201026_111634-A__000000-000395
atc_atco2          snr  30.3 (wada   38.5  vad  22.1) 4.44s 12w KPR_RUZYNE_Radar_120_520MHz_20201028_151125-A__000000-000444
atc_atco2          snr  20.4 (wada   18.4  vad  22.4) 4.90s 11w KPR_RUZYNE_Radar_120_520MHz_20201028_151125-G__000444-000934
atc_atco2          snr  47.3 (wada   72.6  vad  22.1) 3.49s  9w KPR_RUZYNE_Radar_120_520MHz_20201026_145941-G__000000-000349
atc_atco2          snr  27.2 (wada  100.0* vad  27.2) 3.32s  9w KPR_RUZYNE_Tower_134_560MHz_20201025_144043-B__000000-000332
atc_atco2          snr  33.4 (wada   35.3  vad  31.4) 4.08s 11w KPR_RUZYNE_Tower_134_560MHz_20201025_144043-A__000334-000742
atc_atco2          snr  26.2 (wada   27.2  vad  25.1) 4.68s 16w KPR_RUZYNE_Tower_134_560MHz_20201025_144043-B__000744-001212
atc_atco2_mid      snr  10.2 (wada    8.3  vad  12.1) 4.19s 15w 1h_LSGS_SION_Tower_118_3MHz_20210503_152021-A__000271-000690
atc_atco2_mid      snr  10.4 (wada    7.9  vad  13.0) 4.31s 17w ION_Ground_Control_121_7MHz_20210504_152004-A__000409-000840
atc_atco2_mid      snr  10.5 (wada    7.9  vad  13.0) 3.71s 11w KPR_RUZYNE_Tower_134_560MHz_20201028_103443-C__000468-000839
atc_atco2_mid      snr  11.4 (wada    6.9  vad  15.8) 3.92s 16w _LSZH_ZURICH_Tower_118_1MHz_20210412_155616-B__001006-001398
atc_atco2_mid      snr  11.6 (wada    9.5  vad  13.8) 6.43s 22w ION_Ground_Control_121_7MHz_20210502_065520-A__000018-000661
atc_atco2_mid      snr  12.7 (wada   10.8  vad  14.6) 5.72s 20w ION_Ground_Control_121_7MHz_20210503_151946-A__000012-000584
atc_atco2_mid      snr  13.0 (wada   11.6  vad  14.5) 5.83s 22w ION_Ground_Control_121_7MHz_20210502_152026-A__000025-000608
atc_atco2_mid      snr  14.0 (wada   12.2  vad  15.8) 3.52s 12w SZH_ZURICH_ApronS_121_75MHz_20210414_100142-A__000028-000380
atc_atco2_hard     snr   4.4 (wada    1.4  vad   7.3) 3.40s 11w _YSSY_SYDNEY_Tower_120_5MHz_20210503_083640-A__000420-000760
atc_atco2_hard     snr   4.7 (wada    2.5  vad   6.8) 3.55s 12w _YSSY_SYDNEY_Tower_120_5MHz_20210501_014446-A__000444-000799
atc_atco2_hard     snr   4.9 (wada    2.0  vad   7.7) 5.85s 20w _YSSY_SYDNEY_Tower_120_5MHz_20210502_235050-A__000324-000909
atc_atco2_hard     snr   4.9 (wada    2.9  vad   6.8) 5.25s  9w ION_Ground_Control_121_7MHz_20210503_140302-B__000023-000548
atc_atco2_hard     snr   4.9 (wada    2.4  vad   7.4) 3.97s  9w _YSSY_SYDNEY_Tower_120_5MHz_20210430_044251-A__000314-000711
atc_atco2_hard     snr   5.1 (wada    2.3  vad   8.0) 4.29s 11w _YSSY_SYDNEY_Tower_120_5MHz_20210502_062227-A__000356-000785
atc_atco2_hard     snr   5.4 (wada    0.9  vad   9.8) 3.65s 11w 1h_LSGS_SION_Tower_118_3MHz_20210423_093650-D__000016-000381
atc_atco2_hard     snr   6.0 (wada    4.2  vad   7.8) 3.00s  8w 1h_LSGS_SION_Tower_118_3MHz_20210502_065945-D__000012-000312
atc_atco2_hard     snr   6.2 (wada    5.7  vad   6.8) 4.55s 10w _YSSY_SYDNEY_Tower_120_5MHz_20210504_065016-A__000428-000883
atc_atco2_hard     snr   6.3 (wada  -20.0* vad   6.3) 6.05s 19w _YSSY_SYDNEY_Tower_120_5MHz_20210504_213748-A__000006-000611
atc_atco2_hard     snr   6.3 (wada    0.6  vad  12.0) 3.01s  7w 1h_LSGS_SION_Tower_118_3MHz_20210503_082715-D__000606-000907
atc_atco2_hard     snr   6.4 (wada    4.1  vad   8.7) 6.23s 15w _LKTB_BRNO_Tower_119_605MHz_20201029_102129-B__000639-001262
atc_atco2_hard     snr   6.6 (wada    0.4  vad  12.8) 3.77s 10w LSZB_BERN_Approach_127_3MHz_20210424_180809-D__000013-000390
atc_atco2_hard     snr   7.4 (wada    2.3  vad  12.4) 3.03s  9w _LSZH_ZURICH_Tower_118_1MHz_20210414_160105-B__000665-000968
atc_atco2_hard     snr   8.2 (wada    5.8  vad  10.6) 5.35s 18w 1h_LSGS_SION_Tower_118_3MHz_20210503_082715-A__000005-000540
atc_atco2_hard     snr   8.2 (wada    6.6  vad   9.8) 4.53s 10w ZIB_STEFANIK_Tower_118_3MHz_20210503_203710-B__000488-000941
atc_atco2_synth10  snr  10.2 (wada    7.7  vad  12.6) 5.36s 15w O_Tower_119_605MHz_20201028_185619-A__000000-000536__vhf10dB
atc_atco2_synth5   snr   5.1 (wada    2.2  vad   8.1) 5.36s 15w NO_Tower_119_605MHz_20201028_185619-A__000000-000536__vhf5dB
atc_atco2_synth10  snr   9.4 (wada    6.6  vad  12.2) 3.95s 13w h-Radar_127_350MHz_20201026_111634-A__000000-000395__vhf10dB
atc_atco2_synth5   snr   3.3 (wada    0.1  vad   6.5) 3.95s 13w ch-Radar_127_350MHz_20201026_111634-A__000000-000395__vhf5dB
atc_atco2_synth10  snr  10.7 (wada    8.7  vad  12.7) 4.44s 12w E_Radar_120_520MHz_20201028_151125-A__000000-000444__vhf10dB
atc_atco2_synth5   snr   5.5 (wada    3.0  vad   8.0) 4.44s 12w NE_Radar_120_520MHz_20201028_151125-A__000000-000444__vhf5dB
atc_atco2_synth10  snr  10.1 (wada    7.3  vad  12.8) 4.90s 11w E_Radar_120_520MHz_20201028_151125-G__000444-000934__vhf10dB
atc_atco2_synth5   snr   5.2 (wada    2.2  vad   8.2) 4.90s 11w NE_Radar_120_520MHz_20201028_151125-G__000444-000934__vhf5dB
atc_atco2_synth10  snr  11.2 (wada    8.6  vad  13.8) 3.49s  9w E_Radar_120_520MHz_20201026_145941-G__000000-000349__vhf10dB
atc_atco2_synth5   snr   6.0 (wada    3.4  vad   8.7) 3.49s  9w NE_Radar_120_520MHz_20201026_145941-G__000000-000349__vhf5dB
atc_atco2_synth10  snr  10.5 (wada    8.1  vad  12.9) 3.32s  9w E_Tower_134_560MHz_20201025_144043-B__000000-000332__vhf10dB
atc_atco2_synth5   snr   4.8 (wada    1.8  vad   7.8) 3.32s  9w NE_Tower_134_560MHz_20201025_144043-B__000000-000332__vhf5dB
atc_atco2_synth10  snr  10.5 (wada    8.0  vad  12.9) 4.08s 11w E_Tower_134_560MHz_20201025_144043-A__000334-000742__vhf10dB
atc_atco2_synth5   snr   5.1 (wada    1.9  vad   8.2) 4.08s 11w NE_Tower_134_560MHz_20201025_144043-A__000334-000742__vhf5dB
atc_atco2_synth10  snr  10.4 (wada    7.7  vad  13.1) 4.68s 16w E_Tower_134_560MHz_20201025_144043-B__000744-001212__vhf10dB
atc_atco2_synth5   snr   5.2 (wada    2.5  vad   7.9) 4.68s 16w NE_Tower_134_560MHz_20201025_144043-B__000744-001212__vhf5dB
