combined SNR percentiles 5/25/50/75/95 = [ 9.7 13.8 19.7 25.7 36.1]; n<15: 158 n<10: 29 n<5: 5; WADA saturated: 10
SELECTED 16 (lowest combined SNR):
  comb   4.4  wada    1.4  vad   7.3  3.40s 11w peak 0.12 YSSY_SYDNEY_Tower_120_5MHz_20210503_083640-A__000420-000760 | qlink forty two delta runway three four left cleared for tak
  comb   4.7  wada    2.5  vad   6.8  3.55s 12w peak 0.56 YSSY_SYDNEY_Tower_120_5MHz_20210501_014446-A__000444-000799 | emirates nine two forty two heavy sydney tower good afternoo
  comb   4.9  wada    2.0  vad   7.7  5.85s 20w peak 0.13 YSSY_SYDNEY_Tower_120_5MHz_20210502_235050-A__000324-000909 | viet nam seven seven three heavy sydney tower good morning c
  comb   4.9  wada    2.9  vad   6.8  5.25s  9w peak 0.79 LSGS_SION_Ground_Control_121_7MHz_20210503_140302-B__000023-000548 | hotel bravo golf kilo echo one four thousand feet
  comb   4.9  wada    2.4  vad   7.4  3.97s  9w peak 0.29 YSSY_SYDNEY_Tower_120_5MHz_20210430_044251-A__000314-000711 | rex sixty one seventy five sydney tower good afternoon
  comb   5.1  wada    2.3  vad   8.0  4.29s 11w peak 0.22 YSSY_SYDNEY_Tower_120_5MHz_20210502_062227-A__000356-000785 | qatari six tango papa heavy sydney tower good day continue a
  comb   5.4  wada    0.9  vad   9.8  3.65s 11w peak 0.71 LSGS_SION_Tower_118_3MHz_20210423_093650-D__000016-000381 | sion tower at departure echo two for turn bravo papa zulu
  comb   6.0  wada    4.2  vad   7.8  3.00s  8w peak 0.90 LSGS_SION_Tower_118_3MHz_20210502_065945-D__000012-000312 | we are not ready now foxtrot lima delta
  comb   6.2  wada    5.7  vad   6.8  4.55s 10w peak 0.02 YSSY_SYDNEY_Tower_120_5MHz_20210504_065016-A__000428-000883 | china southern three zero one heavy sydney tower good aftern
  comb   6.3  wada  -20.0* vad   6.3  6.05s 19w peak 0.98 YSSY_SYDNEY_Tower_120_5MHz_20210504_213748-A__000006-000611 | korean air one two one wind two four zero degrees five knots
  comb   6.3  wada    0.6  vad  12.0  3.01s  7w peak 1.00 LSGS_SION_Tower_118_3MHz_20210503_082715-D__000606-000907 | next final two five hotel charlie juliett
  comb   6.4  wada    4.1  vad   8.7  6.23s 15w peak 0.39 LKTB_BRNO_Tower_119_605MHz_20201029_102129-B__000639-001262 | vacate via whiskey cross two six and vacate via the airclub 
  comb   6.6  wada    0.4  vad  12.8  3.77s 10w peak 0.90 LSZB_BERN_Approach_127_3MHz_20210424_180809-D__000013-000390 | hotel oscar yankee request orbit to the right for spacing
  comb   7.4  wada    2.3  vad  12.4  3.03s  9w peak 0.90 LSZH_ZURICH_Tower_118_1MHz_20210414_160105-B__000665-000968 | runway one zero cleared to land hotel yankee hotel
  comb   8.2  wada    5.8  vad  10.6  5.35s 18w peak 0.90 LSGS_SION_Tower_118_3MHz_20210503_082715-A__000005-000540 | hotel charlie juliett you passed echo two continue for direc
  comb   8.2  wada    6.6  vad   9.8  4.53s 10w peak 0.18 LZIB_STEFANIK_Tower_118_3MHz_20210503_203710-B__000488-000941 | taxi between anchors via foxtrot oscar mike echo lima echo
A4 atc_uwb combined SNR: median 28.8 range 21.0..34.9
A4 atc_atco2 combined SNR: median 28.7 range 20.4..47.3
