# mode=random N=4 cap=200000
  T  W  conf        p*   D      1/p* | decoder            exp       gen      sec caps wrong | exp/graves gen/graves  t/graves
  8  2   0.0  5.31e-01   2  1.88e+00 | graves             3.5       3.5    0.000    0     0 |      1.000      1.000     1.000
  8  2   0.0  5.31e-01   2  1.88e+00 | childF             2.4       2.4    0.000    0     0 |      0.707      0.707     0.540
  8  2   0.0  5.31e-01   2  1.88e+00 | graves+beam        3.5       3.5    0.000    0     0 |      1.000      1.000     2.294
  8  2   0.0  5.31e-01   2  1.88e+00 | dfsBB+beam         3.5       3.5    0.000    0     0 |      1.000      1.000     2.102
  8  2   0.0  5.31e-01   2  1.88e+00 | bidir              2.4       5.5    0.000    0     0 |      0.707      1.581     2.574
  8  2   0.0  5.31e-01   2  1.88e+00 | policy             2.4       2.4    0.000    0     0 |      0.707      0.707     0.848
  8  2   0.0  5.31e-01   2  1.88e+00 | exactbwd           2.4       8.0    0.000    0     0 |      0.707      2.300     2.533
------------------------------------------------------------------------------------------------------------------------
  8  3   0.0  1.19e-01   4  8.42e+00 | graves             9.7      19.4    0.000    0     0 |      1.000      1.000     1.000
  8  3   0.0  1.19e-01   4  8.42e+00 | childF             6.7      13.3    0.000    0     0 |      0.687      0.687     0.611
  8  3   0.0  1.19e-01   4  8.42e+00 | graves+beam        9.7      19.4    0.000    0     0 |      1.000      1.000     3.563
  8  3   0.0  1.19e-01   4  8.42e+00 | dfsBB+beam         9.7      19.4    0.000    0     0 |      1.000      1.000     3.383
  8  3   0.0  1.19e-01   4  8.42e+00 | bidir              6.4      20.4    0.000    0     0 |      0.661      1.053     3.392
  8  3   0.0  1.19e-01   4  8.42e+00 | policy             5.0      10.0    0.000    0     0 |      0.517      0.517     0.738
  8  3   0.0  1.19e-01   4  8.42e+00 | exactbwd           3.7      49.1    0.000    0     0 |      0.384      2.536     2.886
------------------------------------------------------------------------------------------------------------------------
 10  2   0.0  4.70e-01   2  2.13e+00 | graves             3.5       3.5    0.000    0     0 |      1.000      1.000     1.000
 10  2   0.0  4.70e-01   2  2.13e+00 | childF             2.4       2.4    0.000    0     0 |      0.707      0.707     0.687
 10  2   0.0  4.70e-01   2  2.13e+00 | graves+beam        3.5       3.5    0.000    0     0 |      1.000      1.000     3.119
 10  2   0.0  4.70e-01   2  2.13e+00 | dfsBB+beam         3.5       3.5    0.000    0     0 |      1.000      1.000     3.099
 10  2   0.0  4.70e-01   2  2.13e+00 | bidir              2.4       5.5    0.000    0     0 |      0.707      1.581     3.693
 10  2   0.0  4.70e-01   2  2.13e+00 | policy             2.4       2.4    0.000    0     0 |      0.707      0.707     1.232
 10  2   0.0  4.70e-01   2  2.13e+00 | exactbwd           2.4      11.7    0.000    0     0 |      0.707      3.390     4.245
------------------------------------------------------------------------------------------------------------------------
 10  3   0.0  6.88e-02   4  1.45e+01 | graves            16.8      33.7    0.000    0     0 |      1.000      1.000     1.000
 10  3   0.0  6.88e-02   4  1.45e+01 | childF            11.1      22.3    0.000    0     0 |      0.662      0.662     0.552
 10  3   0.0  6.88e-02   4  1.45e+01 | graves+beam       16.8      33.7    0.000    0     0 |      1.000      1.000     2.878
 10  3   0.0  6.88e-02   4  1.45e+01 | dfsBB+beam        16.8      33.7    0.000    0     0 |      1.000      1.000     3.930
 10  3   0.0  6.88e-02   4  1.45e+01 | bidir             10.0      31.6    0.000    0     0 |      0.595      0.938     3.547
 10  3   0.0  6.88e-02   4  1.45e+01 | policy             6.9      13.9    0.000    0     0 |      0.412      0.412     0.555
 10  3   0.0  6.88e-02   4  1.45e+01 | exactbwd           5.9      88.1    0.000    0     0 |      0.350      2.616     2.751
------------------------------------------------------------------------------------------------------------------------
 12  2   0.0  4.44e-01   3  2.25e+00 | graves             4.0       4.0    0.000    0     0 |      1.000      1.000     1.000
 12  2   0.0  4.44e-01   3  2.25e+00 | childF             3.0       3.0    0.000    0     0 |      0.750      0.750     0.656
 12  2   0.0  4.44e-01   3  2.25e+00 | graves+beam        4.0       4.0    0.000    0     0 |      1.000      1.000     3.650
 12  2   0.0  4.44e-01   3  2.25e+00 | dfsBB+beam         4.0       4.0    0.000    0     0 |      1.000      1.000     3.367
 12  2   0.0  4.44e-01   3  2.25e+00 | bidir              3.0       7.0    0.000    0     0 |      0.750      1.750     4.164
 12  2   0.0  4.44e-01   3  2.25e+00 | policy             3.0       3.0    0.000    0     0 |      0.750      0.750     1.305
 12  2   0.0  4.44e-01   3  2.25e+00 | exactbwd           3.0      16.7    0.000    0     0 |      0.750      4.186     4.687
------------------------------------------------------------------------------------------------------------------------
 12  3   0.0  5.51e-02   5  1.82e+01 | graves            22.9      45.8    0.000    0     0 |      1.000      1.000     1.000
 12  3   0.0  5.51e-02   5  1.82e+01 | childF            16.1      32.2    0.000    0     0 |      0.704      0.704     0.566
 12  3   0.0  5.51e-02   5  1.82e+01 | graves+beam       22.9      45.8    0.000    0     0 |      1.000      1.000     2.853
 12  3   0.0  5.51e-02   5  1.82e+01 | dfsBB+beam        22.9      45.8    0.001    0     0 |      1.000      1.000     4.796
 12  3   0.0  5.51e-02   5  1.82e+01 | bidir             13.8      42.4    0.000    0     0 |      0.602      0.926     3.061
 12  3   0.0  5.51e-02   5  1.82e+01 | policy             9.8      19.5    0.000    0     0 |      0.426      0.426     0.866
 12  3   0.0  5.51e-02   5  1.82e+01 | exactbwd           6.2     133.9    0.001    0     0 |      0.272      2.923     5.499
------------------------------------------------------------------------------------------------------------------------
 14  2   0.0  4.21e-01   4  2.38e+00 | graves             5.0       5.0    0.000    0     0 |      1.000      1.000     1.000
 14  2   0.0  4.21e-01   4  2.38e+00 | childF             4.0       4.0    0.000    0     0 |      0.800      0.800     0.658
 14  2   0.0  4.21e-01   4  2.38e+00 | graves+beam        5.0       5.0    0.000    0     0 |      1.000      1.000     3.481
 14  2   0.0  4.21e-01   4  2.38e+00 | dfsBB+beam         5.0       5.0    0.000    0     0 |      1.000      1.000     3.240
 14  2   0.0  4.21e-01   4  2.38e+00 | bidir              4.0       8.7    0.000    0     0 |      0.800      1.748     3.719
 14  2   0.0  4.21e-01   4  2.38e+00 | policy             4.0       4.0    0.000    0     0 |      0.800      0.800     1.281
 14  2   0.0  4.21e-01   4  2.38e+00 | exactbwd           4.0      25.2    0.000    0     0 |      0.800      5.045     5.220
------------------------------------------------------------------------------------------------------------------------
 14  3   0.0  4.11e-02   6  2.43e+01 | graves            32.5      65.1    0.000    0     0 |      1.000      1.000     1.000
 14  3   0.0  4.11e-02   6  2.43e+01 | childF            22.3      44.6    0.000    0     0 |      0.686      0.686     0.550
 14  3   0.0  4.11e-02   6  2.43e+01 | graves+beam       32.5      65.1    0.001    0     0 |      1.000      1.000     2.865
 14  3   0.0  4.11e-02   6  2.43e+01 | dfsBB+beam        32.5      65.1    0.001    0     0 |      1.000      1.000     3.549
 14  3   0.0  4.11e-02   6  2.43e+01 | bidir             17.2      50.4    0.001    0     0 |      0.530      0.775     4.231
 14  3   0.0  4.11e-02   6  2.43e+01 | policy            13.6      27.2    0.000    0     0 |      0.418      0.418     0.803
 14  3   0.0  4.11e-02   6  2.43e+01 | exactbwd           7.1     171.0    0.001    0     0 |      0.218      2.629     3.235
------------------------------------------------------------------------------------------------------------------------
 16  2   0.0  3.85e-01   4  2.60e+00 | graves             5.5       5.5    0.000    0     0 |      1.000      1.000     1.000
 16  2   0.0  3.85e-01   4  2.60e+00 | childF             4.5       4.5    0.000    0     0 |      0.816      0.816     0.658
 16  2   0.0  3.85e-01   4  2.60e+00 | graves+beam        5.5       5.5    0.000    0     0 |      1.000      1.000     3.052
 16  2   0.0  3.85e-01   4  2.60e+00 | dfsBB+beam         5.5       5.5    0.000    0     0 |      1.000      1.000     2.929
 16  2   0.0  3.85e-01   4  2.60e+00 | bidir              4.5       9.2    0.000    0     0 |      0.816      1.682     3.474
 16  2   0.0  3.85e-01   4  2.60e+00 | policy             4.0       4.0    0.000    0     0 |      0.730      0.730     1.123
 16  2   0.0  3.85e-01   4  2.60e+00 | exactbwd           4.0      29.6    0.000    0     0 |      0.730      5.412     5.796
------------------------------------------------------------------------------------------------------------------------
 16  3   0.0  3.12e-02   6  3.20e+01 | graves            46.3      92.6    0.000    0     0 |      1.000      1.000     1.000
 16  3   0.0  3.12e-02   6  3.20e+01 | childF            32.9      65.8    0.000    0     0 |      0.710      0.710     0.539
 16  3   0.0  3.12e-02   6  3.20e+01 | graves+beam       46.3      92.6    0.001    0     0 |      1.000      1.000     1.455
 16  3   0.0  3.12e-02   6  3.20e+01 | dfsBB+beam        46.3      92.6    0.001    0     0 |      1.000      1.000     1.324
 16  3   0.0  3.12e-02   6  3.20e+01 | bidir             24.7      68.4    0.001    0     0 |      0.533      0.738     1.955
 16  3   0.0  3.12e-02   6  3.20e+01 | policy            18.0      35.9    0.000    0     0 |      0.388      0.388     0.628
 16  3   0.0  3.12e-02   6  3.20e+01 | exactbwd          10.2     236.7    0.001    0     0 |      0.220      2.555     2.120
------------------------------------------------------------------------------------------------------------------------
 18  2   0.0  3.65e-01   5  2.74e+00 | graves             6.0       6.0    0.000    0     0 |      1.000      1.000     1.000
 18  2   0.0  3.65e-01   5  2.74e+00 | childF             4.9       4.9    0.000    0     0 |      0.831      0.831     0.638
 18  2   0.0  3.65e-01   5  2.74e+00 | graves+beam        6.0       6.0    0.000    0     0 |      1.000      1.000     3.552
 18  2   0.0  3.65e-01   5  2.74e+00 | dfsBB+beam         6.0       6.0    0.000    0     0 |      1.000      1.000     3.355
 18  2   0.0  3.65e-01   5  2.74e+00 | bidir              4.9      10.7    0.000    0     0 |      0.831      1.795     6.056
 18  2   0.0  3.65e-01   5  2.74e+00 | policy             4.7       4.7    0.000    0     0 |      0.794      0.794     3.595
 18  2   0.0  3.65e-01   5  2.74e+00 | exactbwd           4.7      40.5    0.000    0     0 |      0.794      6.792    16.851
------------------------------------------------------------------------------------------------------------------------
 18  3   0.0  2.52e-02   8  3.96e+01 | graves            58.7     117.3    0.001    0     0 |      1.000      1.000     1.000
 18  3   0.0  2.52e-02   8  3.96e+01 | childF            43.3      86.5    0.001    0     0 |      0.738      0.738     1.207
 18  3   0.0  2.52e-02   8  3.96e+01 | graves+beam       58.7     117.3    0.002    0     0 |      1.000      1.000     3.418
 18  3   0.0  2.52e-02   8  3.96e+01 | dfsBB+beam        58.7     117.3    0.002    0     0 |      1.000      1.000     4.131
 18  3   0.0  2.52e-02   8  3.96e+01 | bidir             30.7      85.3    0.001    0     0 |      0.524      0.727     1.123
 18  3   0.0  2.52e-02   8  3.96e+01 | policy            23.8      47.7    0.001    0     0 |      0.406      0.406     1.038
 18  3   0.0  2.52e-02   8  3.96e+01 | exactbwd          11.2     325.6    0.002    0     0 |      0.191      2.776     4.177
------------------------------------------------------------------------------------------------------------------------
