# mode=peaky N=4 cap=200000
  T  W  conf        p*   D      1/p* | decoder            exp       gen      sec caps wrong | exp/graves gen/graves  t/graves
 12  3   0.8  1.45e-01   3  6.90e+00 | graves             7.3      14.7    0.000    0     0 |      1.000      1.000     1.000
 12  3   0.8  1.45e-01   3  6.90e+00 | childF             4.2       8.5    0.000    0     0 |      0.577      0.577     0.930
 12  3   0.8  1.45e-01   3  6.90e+00 | graves+beam        7.3      14.7    0.000    0     0 |      1.000      1.000    10.989
 12  3   0.8  1.45e-01   3  6.90e+00 | dfsBB+beam         7.3      14.7    0.000    0     0 |      1.000      1.000    10.210
 12  3   0.8  1.45e-01   3  6.90e+00 | bidir              3.8      14.2    0.000    0     0 |      0.522      0.964     9.988
 12  3   0.8  1.45e-01   3  6.90e+00 | policy             3.4       6.8    0.000    0     0 |      0.464      0.464     0.838
 12  3   0.8  1.45e-01   3  6.90e+00 | exactbwd           3.1      57.9    0.000    0     0 |      0.419      3.939     5.142
------------------------------------------------------------------------------------------------------------------------
 12  3   0.9  3.84e-01   3  2.61e+00 | graves             3.8       7.5    0.000    0     0 |      1.000      1.000     1.000
 12  3   0.9  3.84e-01   3  2.61e+00 | childF             2.6       5.3    0.000    0     0 |      0.700      0.700     0.635
 12  3   0.9  3.84e-01   3  2.61e+00 | graves+beam        3.8       7.5    0.000    0     0 |      1.000      1.000     8.447
 12  3   0.9  3.84e-01   3  2.61e+00 | dfsBB+beam         3.8       7.5    0.000    0     0 |      1.000      1.000     8.042
 12  3   0.9  3.84e-01   3  2.61e+00 | bidir              2.6      10.8    0.000    0     0 |      0.700      1.432     8.270
 12  3   0.9  3.84e-01   3  2.61e+00 | policy             2.6       5.3    0.000    0     0 |      0.700      0.700     1.298
 12  3   0.9  3.84e-01   3  2.61e+00 | exactbwd           2.6      49.6    0.000    0     0 |      0.700      6.598     7.436
------------------------------------------------------------------------------------------------------------------------
 12  3  0.95  6.24e-01   4  1.60e+00 | graves             4.2       8.4    0.000    0     0 |      1.000      1.000     1.000
 12  3  0.95  6.24e-01   4  1.60e+00 | childF             3.1       6.3    0.000    0     0 |      0.743      0.743     0.664
 12  3  0.95  6.24e-01   4  1.60e+00 | graves+beam        4.2       8.4    0.000    0     0 |      1.000      1.000     8.250
 12  3  0.95  6.24e-01   4  1.60e+00 | dfsBB+beam         4.2       8.4    0.000    0     0 |      1.000      1.000     7.804
 12  3  0.95  6.24e-01   4  1.60e+00 | bidir              3.1      12.9    0.000    0     0 |      0.743      1.535    16.051
 12  3  0.95  6.24e-01   4  1.60e+00 | policy             3.1       6.3    0.000    0     0 |      0.743      0.743     1.448
 12  3  0.95  6.24e-01   4  1.60e+00 | exactbwd           3.1      88.1    0.000    0     0 |      0.743     10.454     9.848
------------------------------------------------------------------------------------------------------------------------
 12  5   0.8  1.02e-01   3  9.82e+00 | graves             7.7      30.8    0.000    0     0 |      1.000      1.000     1.000
 12  5   0.8  1.02e-01   3  9.82e+00 | childF             2.8      11.3    0.000    0     0 |      0.367      0.367     0.364
 12  5   0.8  1.02e-01   3  9.82e+00 | graves+beam        7.7      30.8    0.001    0     0 |      1.000      1.000     4.715
 12  5   0.8  1.02e-01   3  9.82e+00 | dfsBB+beam         7.7      30.8    0.001    0     0 |      1.000      1.000     7.305
 12  5   0.8  1.02e-01   3  9.82e+00 | bidir              2.8      21.1    0.001    0     0 |      0.367      0.683     7.246
 12  5   0.8  1.02e-01   3  9.82e+00 | policy             2.8      11.3    0.000    0     0 |      0.367      0.367     0.695
 12  5   0.8  1.02e-01   3  9.82e+00 | exactbwd           2.8     231.4    0.001    0     0 |      0.367      7.507     8.550
------------------------------------------------------------------------------------------------------------------------
 12  5   0.9  3.46e-01   4  2.89e+00 | graves             5.2      20.7    0.000    0     0 |      1.000      1.000     1.000
 12  5   0.9  3.46e-01   4  2.89e+00 | childF             4.2      16.6    0.000    0     0 |      0.803      0.803     0.718
 12  5   0.9  3.46e-01   4  2.89e+00 | graves+beam        5.2      20.7    0.001    0     0 |      1.000      1.000    10.241
 12  5   0.9  3.46e-01   4  2.89e+00 | dfsBB+beam         5.2      20.7    0.001    0     0 |      1.000      1.000     9.684
 12  5   0.9  3.46e-01   4  2.89e+00 | bidir              4.2      28.3    0.001    0     0 |      0.803      1.368    10.292
 12  5   0.9  3.46e-01   4  2.89e+00 | policy             4.2      16.6    0.000    0     0 |      0.803      0.803     1.185
 12  5   0.9  3.46e-01   4  2.89e+00 | exactbwd           4.2     354.8    0.001    0     0 |      0.803     17.126    18.998
------------------------------------------------------------------------------------------------------------------------
 12  5  0.95  5.70e-01   2  1.75e+00 | graves             2.8      11.1    0.000    0     0 |      1.000      1.000     1.000
 12  5  0.95  5.70e-01   2  1.75e+00 | childF             0.0       0.0    0.000    0     0 |      0.000      0.000     0.579
 12  5  0.95  5.70e-01   2  1.75e+00 | graves+beam        2.8      11.1    0.001    0     0 |      1.000      1.000     8.910
 12  5  0.95  5.70e-01   2  1.75e+00 | dfsBB+beam         2.8      11.1    0.001    0     0 |      1.000      1.000     7.805
 12  5  0.95  5.70e-01   2  1.75e+00 | bidir              0.0      13.9    0.001    0     0 |      0.000      1.245    10.244
 12  5  0.95  5.70e-01   2  1.75e+00 | policy             0.0       0.0    0.000    0     0 |      0.000      0.000     1.024
 12  5  0.95  5.70e-01   2  1.75e+00 | exactbwd           0.0       0.0    0.001    0     0 |      0.000      0.000    11.450
------------------------------------------------------------------------------------------------------------------------
 16  3   0.8  8.85e-02   4  1.13e+01 | graves            13.5      26.9    0.000    0     0 |      1.000      1.000     1.000
 16  3   0.8  8.85e-02   4  1.13e+01 | childF             8.7      17.3    0.000    0     0 |      0.643      0.643     0.562
 16  3   0.8  8.85e-02   4  1.13e+01 | graves+beam       13.5      26.9    0.001    0     0 |      1.000      1.000     3.519
 16  3   0.8  8.85e-02   4  1.13e+01 | dfsBB+beam        13.5      26.9    0.000    0     0 |      1.000      1.000     2.284
 16  3   0.8  8.85e-02   4  1.13e+01 | bidir              6.5      21.5    0.000    0     0 |      0.482      0.798     1.723
 16  3   0.8  8.85e-02   4  1.13e+01 | policy             5.2      10.5    0.000    0     0 |      0.390      0.390     0.281
 16  3   0.8  8.85e-02   4  1.13e+01 | exactbwd           4.4      98.8    0.000    0     0 |      0.328      3.672     1.696
------------------------------------------------------------------------------------------------------------------------
 16  3   0.9  2.82e-01   5  3.54e+00 | graves             5.8      11.7    0.000    0     0 |      1.000      1.000     1.000
 16  3   0.9  2.82e-01   5  3.54e+00 | childF             4.8       9.6    0.000    0     0 |      0.822      0.822     0.650
 16  3   0.9  2.82e-01   5  3.54e+00 | graves+beam        5.8      11.7    0.001    0     0 |      1.000      1.000     6.627
 16  3   0.9  2.82e-01   5  3.54e+00 | dfsBB+beam         5.8      11.7    0.001    0     0 |      1.000      1.000     6.822
 16  3   0.9  2.82e-01   5  3.54e+00 | bidir              4.8      18.3    0.001    0     0 |      0.822      1.571     6.714
 16  3   0.9  2.82e-01   5  3.54e+00 | policy             4.8       9.6    0.000    0     0 |      0.822      0.822     1.193
 16  3   0.9  2.82e-01   5  3.54e+00 | exactbwd           4.8     134.3    0.001    0     0 |      0.822     11.524    10.140
------------------------------------------------------------------------------------------------------------------------
 16  3  0.95  5.12e-01   5  1.95e+00 | graves             6.2      12.4    0.000    0     0 |      1.000      1.000     1.000
 16  3  0.95  5.12e-01   5  1.95e+00 | childF             5.2      10.4    0.000    0     0 |      0.837      0.837     0.743
 16  3  0.95  5.12e-01   5  1.95e+00 | graves+beam        6.2      12.4    0.000    0     0 |      1.000      1.000     7.713
 16  3  0.95  5.12e-01   5  1.95e+00 | dfsBB+beam         6.2      12.4    0.000    0     0 |      1.000      1.000     7.329
 16  3  0.95  5.12e-01   5  1.95e+00 | bidir              5.2      19.7    0.000    0     0 |      0.837      1.589     7.721
 16  3  0.95  5.12e-01   5  1.95e+00 | policy             5.2      10.4    0.000    0     0 |      0.837      0.837     1.235
 16  3  0.95  5.12e-01   5  1.95e+00 | exactbwd           5.2     170.1    0.001    0     0 |      0.837     13.732    12.162
------------------------------------------------------------------------------------------------------------------------
 16  5   0.8  4.56e-02   4  2.20e+01 | graves            20.2      80.6    0.000    0     0 |      1.000      1.000     1.000
 16  5   0.8  4.56e-02   4  2.20e+01 | childF            11.1      44.4    0.000    0     0 |      0.550      0.550     0.468
 16  5   0.8  4.56e-02   4  2.20e+01 | graves+beam       20.2      80.6    0.001    0     0 |      1.000      1.000     3.642
 16  5   0.8  4.56e-02   4  2.20e+01 | dfsBB+beam        20.2      80.6    0.001    0     0 |      1.000      1.000     3.130
 16  5   0.8  4.56e-02   4  2.20e+01 | bidir              5.0      34.3    0.001    0     0 |      0.250      0.425     1.910
 16  5   0.8  4.56e-02   4  2.20e+01 | policy             3.6      14.3    0.000    0     0 |      0.177      0.177     0.401
 16  5   0.8  4.56e-02   4  2.20e+01 | exactbwd           3.6     496.6    0.003    0     0 |      0.177      6.157     8.514
------------------------------------------------------------------------------------------------------------------------
 16  5   0.9  2.22e-01   3  4.51e+00 | graves             3.8      15.3    0.000    0     0 |      1.000      1.000     1.000
 16  5   0.9  2.22e-01   3  4.51e+00 | childF             2.8      11.1    0.000    0     0 |      0.726      0.726     0.655
 16  5   0.9  2.22e-01   3  4.51e+00 | graves+beam        3.8      15.3    0.001    0     0 |      1.000      1.000     9.081
 16  5   0.9  2.22e-01   3  4.51e+00 | dfsBB+beam         3.8      15.3    0.001    0     0 |      1.000      1.000     8.619
 16  5   0.9  2.22e-01   3  4.51e+00 | bidir              2.8      21.9    0.001    0     0 |      0.726      1.429    11.297
 16  5   0.9  2.22e-01   3  4.51e+00 | policy             2.8      11.1    0.000    0     0 |      0.726      0.726     1.892
 16  5   0.9  2.22e-01   3  4.51e+00 | exactbwd           2.8     368.1    0.002    0     0 |      0.726     24.006    22.792
------------------------------------------------------------------------------------------------------------------------
 16  5  0.95  4.74e-01   4  2.11e+00 | graves             4.7      19.0    0.000    0     0 |      1.000      1.000     1.000
 16  5  0.95  4.74e-01   4  2.11e+00 | childF             3.6      14.4    0.000    0     0 |      0.760      0.760     0.474
 16  5  0.95  4.74e-01   4  2.11e+00 | graves+beam        4.7      19.0    0.001    0     0 |      1.000      1.000     4.978
 16  5  0.95  4.74e-01   4  2.11e+00 | dfsBB+beam         4.7      19.0    0.001    0     0 |      1.000      1.000     5.239
 16  5  0.95  4.74e-01   4  2.11e+00 | bidir              3.6      30.0    0.001    0     0 |      0.760      1.581     6.158
 16  5  0.95  4.74e-01   4  2.11e+00 | policy             3.6      14.4    0.000    0     0 |      0.760      0.760     0.925
 16  5  0.95  4.74e-01   4  2.11e+00 | exactbwd           3.6     550.4    0.002    0     0 |      0.760     29.039    16.763
------------------------------------------------------------------------------------------------------------------------
 24  3   0.8  3.16e-02   6  3.17e+01 | graves            46.5      92.9    0.001    0     0 |      1.000      1.000     1.000
 24  3   0.8  3.16e-02   6  3.17e+01 | childF            29.2      58.4    0.000    0     0 |      0.629      0.629     0.365
 24  3   0.8  3.16e-02   6  3.17e+01 | graves+beam       46.5      92.9    0.002    0     0 |      1.000      1.000     1.923
 24  3   0.8  3.16e-02   6  3.17e+01 | dfsBB+beam        46.5      92.9    0.001    0     0 |      1.000      1.000     1.541
 24  3   0.8  3.16e-02   6  3.17e+01 | bidir             19.9      58.3    0.001    0     0 |      0.429      0.627     1.107
 24  3   0.8  3.16e-02   6  3.17e+01 | policy            13.8      27.5    0.000    0     0 |      0.296      0.296     0.178
 24  3   0.8  3.16e-02   6  3.17e+01 | exactbwd           8.1     331.4    0.001    0     0 |      0.175      3.566     1.521
------------------------------------------------------------------------------------------------------------------------
 24  3   0.9  1.58e-01   6  6.34e+00 | graves            10.7      21.4    0.000    0     0 |      1.000      1.000     1.000
 24  3   0.9  1.58e-01   6  6.34e+00 | childF             7.4      14.8    0.000    0     0 |      0.694      0.694     0.547
 24  3   0.9  1.58e-01   6  6.34e+00 | graves+beam       10.7      21.4    0.001    0     0 |      1.000      1.000     6.101
 24  3   0.9  1.58e-01   6  6.34e+00 | dfsBB+beam        10.7      21.4    0.001    0     0 |      1.000      1.000     5.771
 24  3   0.9  1.58e-01   6  6.34e+00 | bidir              6.0      22.4    0.001    0     0 |      0.557      1.047     5.521
 24  3   0.9  1.58e-01   6  6.34e+00 | policy             6.0      11.9    0.000    0     0 |      0.557      0.557     0.914
 24  3   0.9  1.58e-01   6  6.34e+00 | exactbwd           5.7     297.5    0.002    0     0 |      0.532     13.912    14.976
------------------------------------------------------------------------------------------------------------------------
 24  3  0.95  3.93e-01   6  2.55e+00 | graves             7.4      14.8    0.000    0     0 |      1.000      1.000     1.000
 24  3  0.95  3.93e-01   6  2.55e+00 | childF             6.4      12.8    0.000    0     0 |      0.863      0.863     0.666
 24  3  0.95  3.93e-01   6  2.55e+00 | graves+beam        7.4      14.8    0.001    0     0 |      1.000      1.000     7.514
 24  3  0.95  3.93e-01   6  2.55e+00 | dfsBB+beam         7.4      14.8    0.001    0     0 |      1.000      1.000     6.629
 24  3  0.95  3.93e-01   6  2.55e+00 | bidir              6.4      22.4    0.001    0     0 |      0.863      1.507     9.126
 24  3  0.95  3.93e-01   6  2.55e+00 | policy             6.4      12.8    0.000    0     0 |      0.863      0.863     1.311
 24  3  0.95  3.93e-01   6  2.55e+00 | exactbwd           6.4     296.2    0.001    0     0 |      0.863     19.972    15.122
------------------------------------------------------------------------------------------------------------------------
 24  5   0.8  9.88e-03   6  1.01e+02 | graves            85.2     341.0    0.002    0     0 |      1.000      1.000     1.000
 24  5   0.8  9.88e-03   6  1.01e+02 | childF            39.1     156.3    0.001    0     0 |      0.458      0.458     0.686
 24  5   0.8  9.88e-03   6  1.01e+02 | graves+beam       85.2     341.0    0.003    0     0 |      1.000      1.000     1.453
 24  5   0.8  9.88e-03   6  1.01e+02 | dfsBB+beam        85.2     341.0    0.003    0     0 |      1.000      1.000     1.478
 24  5   0.8  9.88e-03   6  1.01e+02 | bidir             17.7     101.7    0.002    0     0 |      0.208      0.298     0.835
 24  5   0.8  9.88e-03   6  1.01e+02 | policy             6.0      23.8    0.000    0     0 |      0.070      0.070     0.108
 24  5   0.8  9.88e-03   6  1.01e+02 | exactbwd           5.5    1036.6    0.006    0     0 |      0.064      3.040     3.042
------------------------------------------------------------------------------------------------------------------------
 24  5   0.9  1.10e-01   7  9.06e+00 | graves             9.8      39.3    0.000    0     0 |      1.000      1.000     1.000
 24  5   0.9  1.10e-01   7  9.06e+00 | childF             7.5      30.2    0.000    0     0 |      0.767      0.767     0.635
 24  5   0.9  1.10e-01   7  9.06e+00 | graves+beam        9.8      39.3    0.001    0     0 |      1.000      1.000     4.349
 24  5   0.9  1.10e-01   7  9.06e+00 | dfsBB+beam         9.8      39.3    0.001    0     0 |      1.000      1.000     4.761
 24  5   0.9  1.10e-01   7  9.06e+00 | bidir              6.6      46.5    0.001    0     0 |      0.670      1.182     4.295
 24  5   0.9  1.10e-01   7  9.06e+00 | policy             6.6      26.4    0.000    0     0 |      0.670      0.670     0.879
 24  5   0.9  1.10e-01   7  9.06e+00 | exactbwd           6.6    1335.0    0.008    0     0 |      0.670     33.931    28.925
------------------------------------------------------------------------------------------------------------------------
 24  5  0.95  3.34e-01   7  2.99e+00 | graves             8.1      32.4    0.000    0     0 |      1.000      1.000     1.000
 24  5  0.95  3.34e-01   7  2.99e+00 | childF             7.1      28.3    0.000    0     0 |      0.874      0.874     0.519
 24  5  0.95  3.34e-01   7  2.99e+00 | graves+beam        8.1      32.4    0.001    0     0 |      1.000      1.000     3.861
 24  5  0.95  3.34e-01   7  2.99e+00 | dfsBB+beam         8.1      32.4    0.001    0     0 |      1.000      1.000     4.144
 24  5  0.95  3.34e-01   7  2.99e+00 | bidir              7.1      48.5    0.001    0     0 |      0.874      1.495     4.607
 24  5  0.95  3.34e-01   7  2.99e+00 | policy             7.1      28.3    0.001    0     0 |      0.874      0.874     1.877
 24  5  0.95  3.34e-01   7  2.99e+00 | exactbwd           7.1    1309.9    0.008    0     0 |      0.874     40.392    30.014
------------------------------------------------------------------------------------------------------------------------
 32  3   0.8  1.27e-02   8  7.88e+01 | graves           119.4     238.8    0.003    0     0 |      1.000      1.000     1.000
 32  3   0.8  1.27e-02   8  7.88e+01 | childF            79.1     158.2    0.001    0     0 |      0.663      0.663     0.373
 32  3   0.8  1.27e-02   8  7.88e+01 | graves+beam      119.4     238.8    0.003    0     0 |      1.000      1.000     0.969
 32  3   0.8  1.27e-02   8  7.88e+01 | dfsBB+beam       119.4     238.8    0.002    0     0 |      1.000      1.000     0.666
 32  3   0.8  1.27e-02   8  7.88e+01 | bidir             51.0     133.5    0.001    0     0 |      0.427      0.559     0.422
 32  3   0.8  1.27e-02   8  7.88e+01 | policy            31.3      62.6    0.001    0     0 |      0.262      0.262     0.155
 32  3   0.8  1.27e-02   8  7.88e+01 | exactbwd          11.7     705.0    0.004    0     0 |      0.098      2.953     1.259
------------------------------------------------------------------------------------------------------------------------
 32  3   0.9  8.06e-02   8  1.24e+01 | graves            22.2      44.4    0.000    0     0 |      1.000      1.000     1.000
 32  3   0.9  8.06e-02   8  1.24e+01 | childF            16.7      33.4    0.000    0     0 |      0.751      0.751     0.561
 32  3   0.9  8.06e-02   8  1.24e+01 | graves+beam       22.2      44.4    0.002    0     0 |      1.000      1.000     5.377
 32  3   0.9  8.06e-02   8  1.24e+01 | dfsBB+beam        22.2      44.4    0.001    0     0 |      1.000      1.000     4.270
 32  3   0.9  8.06e-02   8  1.24e+01 | bidir              9.0      29.5    0.001    0     0 |      0.404      0.663     2.970
 32  3   0.9  8.06e-02   8  1.24e+01 | policy            10.4      20.9    0.000    0     0 |      0.470      0.470     0.611
 32  3   0.9  8.06e-02   8  1.24e+01 | exactbwd           8.1     548.2    0.004    0     0 |      0.367     12.334    13.436
------------------------------------------------------------------------------------------------------------------------
 32  3  0.95  2.86e-01   9  3.50e+00 | graves             9.6      19.2    0.000    0     0 |      1.000      1.000     1.000
 32  3  0.95  2.86e-01   9  3.50e+00 | childF             8.5      17.0    0.000    0     0 |      0.890      0.890     0.651
 32  3  0.95  2.86e-01   9  3.50e+00 | graves+beam        9.6      19.2    0.001    0     0 |      1.000      1.000     6.861
 32  3  0.95  2.86e-01   9  3.50e+00 | dfsBB+beam         9.6      19.2    0.002    0     0 |      1.000      1.000    12.821
 32  3  0.95  2.86e-01   9  3.50e+00 | bidir              8.5      30.0    0.001    0     0 |      0.890      1.564    10.430
 32  3  0.95  2.86e-01   9  3.50e+00 | policy             8.5      17.0    0.000    0     0 |      0.890      0.890     1.869
 32  3  0.95  2.86e-01   9  3.50e+00 | exactbwd           8.5     509.6    0.003    0     0 |      0.890     26.595    26.801
------------------------------------------------------------------------------------------------------------------------
 32  5   0.8  2.44e-03  10  4.09e+02 | graves           372.3    1489.1    0.014    0     0 |      1.000      1.000     1.000
 32  5   0.8  2.44e-03  10  4.09e+02 | childF           211.5     845.8    0.006    0     0 |      0.568      0.568     0.412
 32  5   0.8  2.44e-03  10  4.09e+02 | graves+beam      372.3    1489.1    0.015    0     0 |      1.000      1.000     1.013
 32  5   0.8  2.44e-03  10  4.09e+02 | dfsBB+beam       372.3    1489.1    0.021    0     0 |      1.000      1.000     1.425
 32  5   0.8  2.44e-03  10  4.09e+02 | bidir             43.4     265.3    0.003    0     0 |      0.117      0.178     0.231
 32  5   0.8  2.44e-03  10  4.09e+02 | policy            14.0      56.1    0.001    0     0 |      0.038      0.038     0.039
 32  5   0.8  2.44e-03  10  4.09e+02 | exactbwd          10.4    2759.7    0.027    0     0 |      0.028      1.853     1.854
------------------------------------------------------------------------------------------------------------------------
 32  5   0.9  5.30e-02  10  1.89e+01 | graves            20.3      81.2    0.001    0     0 |      1.000      1.000     1.000
 32  5   0.9  5.30e-02  10  1.89e+01 | childF            13.4      53.5    0.001    0     0 |      0.659      0.659     0.583
 32  5   0.9  5.30e-02  10  1.89e+01 | graves+beam       20.3      81.2    0.002    0     0 |      1.000      1.000     2.564
 32  5   0.9  5.30e-02  10  1.89e+01 | dfsBB+beam        20.3      81.2    0.003    0     0 |      1.000      1.000     3.709
 32  5   0.9  5.30e-02  10  1.89e+01 | bidir             10.4      70.1    0.002    0     0 |      0.511      0.863     2.136
 32  5   0.9  5.30e-02  10  1.89e+01 | policy            10.4      41.5    0.000    0     0 |      0.511      0.511     0.533
 32  5   0.9  5.30e-02  10  1.89e+01 | exactbwd          10.4    2793.3    0.020    0     0 |      0.511     34.391    21.651
------------------------------------------------------------------------------------------------------------------------
 32  5  0.95  2.31e-01   8  4.34e+00 | graves             9.1      36.4    0.000    0     0 |      1.000      1.000     1.000
 32  5  0.95  2.31e-01   8  4.34e+00 | childF             8.1      32.2    0.000    0     0 |      0.885      0.885     0.786
 32  5  0.95  2.31e-01   8  4.34e+00 | graves+beam        9.1      36.4    0.002    0     0 |      1.000      1.000     6.453
 32  5  0.95  2.31e-01   8  4.34e+00 | dfsBB+beam         9.1      36.4    0.002    0     0 |      1.000      1.000     5.402
 32  5  0.95  2.31e-01   8  4.34e+00 | bidir              8.1      49.3    0.002    0     0 |      0.885      1.356     5.689
 32  5  0.95  2.31e-01   8  4.34e+00 | policy             8.1      32.2    0.000    0     0 |      0.885      0.885     1.316
 32  5  0.95  2.31e-01   8  4.34e+00 | exactbwd           8.1    1811.7    0.016    0     0 |      0.885     49.767    51.628
------------------------------------------------------------------------------------------------------------------------
 48  3   0.8  1.35e-03  16  7.43e+02 | graves          1213.3    2426.6    0.023    0     0 |      1.000      1.000     1.000
 48  3   0.8  1.35e-03  16  7.43e+02 | childF           815.6    1631.2    0.017    0     0 |      0.672      0.672     0.718
 48  3   0.8  1.35e-03  16  7.43e+02 | graves+beam     1213.3    2426.6    0.027    0     0 |      1.000      1.000     1.135
 48  3   0.8  1.35e-03  16  7.43e+02 | dfsBB+beam      1220.9    2441.9    0.028    0     0 |      1.006      1.006     1.191
 48  3   0.8  1.35e-03  16  7.43e+02 | bidir            165.3     426.7    0.005    0     0 |      0.136      0.176     0.220
 48  3   0.8  1.35e-03  16  7.43e+02 | policy           175.6     351.1    0.003    0     0 |      0.145      0.145     0.125
 48  3   0.8  1.35e-03  16  7.43e+02 | exactbwd          26.1    1881.8    0.015    0     0 |      0.021      0.775     0.649
------------------------------------------------------------------------------------------------------------------------
 48  3   0.9  2.19e-02  12  4.58e+01 | graves            84.0     168.1    0.002    0     0 |      1.000      1.000     1.000
 48  3   0.9  2.19e-02  12  4.58e+01 | childF            60.9     121.7    0.001    0     0 |      0.724      0.724     0.531
 48  3   0.9  2.19e-02  12  4.58e+01 | graves+beam       84.0     168.1    0.003    0     0 |      1.000      1.000     1.627
 48  3   0.9  2.19e-02  12  4.58e+01 | dfsBB+beam        84.0     168.1    0.003    0     0 |      1.000      1.000     1.691
 48  3   0.9  2.19e-02  12  4.58e+01 | bidir             24.7      71.0    0.002    0     0 |      0.294      0.423     1.226
 48  3   0.9  2.19e-02  12  4.58e+01 | policy            25.7      51.3    0.001    0     0 |      0.305      0.305     0.298
 48  3   0.9  2.19e-02  12  4.58e+01 | exactbwd          14.1    1278.2    0.011    0     0 |      0.168      7.604     5.788
------------------------------------------------------------------------------------------------------------------------
 48  3  0.95  1.68e-01  14  5.94e+00 | graves            15.7      31.4    0.000    0     0 |      1.000      1.000     1.000
 48  3  0.95  1.68e-01  14  5.94e+00 | childF            14.5      28.9    0.000    0     0 |      0.920      0.920     0.627
 48  3  0.95  1.68e-01  14  5.94e+00 | graves+beam       15.7      31.4    0.002    0     0 |      1.000      1.000     5.290
 48  3  0.95  1.68e-01  14  5.94e+00 | dfsBB+beam        15.7      31.4    0.003    0     0 |      1.000      1.000     7.171
 48  3  0.95  1.68e-01  14  5.94e+00 | bidir             14.5      45.8    0.002    0     0 |      0.920      1.459     5.448
 48  3  0.95  1.68e-01  14  5.94e+00 | policy            14.5      28.9    0.000    0     0 |      0.920      0.920     0.828
 48  3  0.95  1.68e-01  14  5.94e+00 | exactbwd          14.5    1317.6    0.011    0     0 |      0.920     41.934    26.820
------------------------------------------------------------------------------------------------------------------------
 48  5   0.8  1.31e-04  14  7.62e+03 | graves          6540.1   26160.4    0.386    0     0 |      1.000      1.000     1.000
 48  5   0.8  1.31e-04  14  7.62e+03 | childF          3432.8   13731.1    0.172    0     0 |      0.525      0.525     0.445
 48  5   0.8  1.31e-04  14  7.62e+03 | graves+beam     6540.1   26160.4    0.391    0     0 |      1.000      1.000     1.015
 48  5   0.8  1.31e-04  14  7.62e+03 | dfsBB+beam      6540.1   26160.4    0.360    0     0 |      1.000      1.000     0.933
 48  5   0.8  1.31e-04  14  7.62e+03 | bidir            223.1    1257.5    0.019    0     0 |      0.034      0.048     0.050
 48  5   0.8  1.31e-04  14  7.62e+03 | policy            33.5     134.1    0.002    0     0 |      0.005      0.005     0.004
 48  5   0.8  1.31e-04  14  7.62e+03 | exactbwd          16.6    6241.6    0.069    0     0 |      0.003      0.239     0.180
------------------------------------------------------------------------------------------------------------------------
 48  5   0.9  1.19e-02  14  8.40e+01 | graves           100.0     399.9    0.005    0     0 |      1.000      1.000     1.000
 48  5   0.9  1.19e-02  14  8.40e+01 | childF            75.0     300.0    0.003    0     0 |      0.750      0.750     0.606
 48  5   0.9  1.19e-02  14  8.40e+01 | graves+beam      100.0     399.9    0.010    0     0 |      1.000      1.000     2.066
 48  5   0.9  1.19e-02  14  8.40e+01 | dfsBB+beam       100.0     399.9    0.021    0     0 |      1.000      1.000     4.203
 48  5   0.9  1.19e-02  14  8.40e+01 | bidir             17.5     112.6    0.004    0     0 |      0.176      0.282     0.777
 48  5   0.9  1.19e-02  14  8.40e+01 | policy            13.4      53.7    0.001    0     0 |      0.134      0.134     0.294
 48  5   0.9  1.19e-02  14  8.40e+01 | exactbwd          13.4    4908.7    0.082    0     0 |      0.134     12.274    16.150
------------------------------------------------------------------------------------------------------------------------
 48  5  0.95  1.11e-01  12  9.05e+00 | graves            13.5      54.1    0.001    0     0 |      1.000      1.000     1.000
 48  5  0.95  1.11e-01  12  9.05e+00 | childF            11.4      45.8    0.000    0     0 |      0.846      0.846     0.661
 48  5  0.95  1.11e-01  12  9.05e+00 | graves+beam       13.5      54.1    0.003    0     0 |      1.000      1.000     4.630
 48  5  0.95  1.11e-01  12  9.05e+00 | dfsBB+beam        13.5      54.1    0.003    0     0 |      1.000      1.000     4.238
 48  5  0.95  1.11e-01  12  9.05e+00 | bidir             11.0      74.1    0.003    0     0 |      0.814      1.370     5.158
 48  5  0.95  1.11e-01  12  9.05e+00 | policy            11.0      44.0    0.001    0     0 |      0.814      0.814     1.635
 48  5  0.95  1.11e-01  12  9.05e+00 | exactbwd          11.0    4257.4    0.049    0     0 |      0.814     78.695    79.637
------------------------------------------------------------------------------------------------------------------------
