# mode=hard N=2 cap=30000
  T  W  conf        p*   D      1/p* | decoder            exp       gen      sec caps wrong | exp/graves gen/graves  t/graves
100  5   0.7 -- all capped
100  5   0.8  5.28e-09  30  1.89e+08 | graves         30000.0  120000.0    5.137    2     0 |      1.000      1.000     1.000
100  5   0.8  5.28e-09  30  1.89e+08 | policy          4071.1   16284.5    0.700    0     0 |      0.136      0.136     0.136
100  5   0.8  5.28e-09  30  1.89e+08 | exactbwd          29.5   24727.5    0.847    0     0 |      0.001      0.206     0.165
------------------------------------------------------------------------------------------------------------------------
100  5   0.9  8.37e-05  25  1.20e+04 | graves         12972.7   51890.9    2.083    0     0 |      1.000      1.000     1.000
100  5   0.9  8.37e-05  25  1.20e+04 | policy            49.0     196.0    0.008    0     0 |      0.004      0.004     0.004
100  5   0.9  8.37e-05  25  1.20e+04 | exactbwd          25.0   18493.8    0.438    0     0 |      0.002      0.356     0.210
------------------------------------------------------------------------------------------------------------------------
100 10   0.7  3.50e-15  30  2.86e+14 | graves         30000.0  270000.0   16.513    2     0 |      1.000      1.000     1.000
100 10   0.7  3.50e-15  30  2.86e+14 | policy          2417.9   21761.0    0.852    0     0 |      0.081      0.081     0.052
100 10   0.7  3.50e-15  30  2.86e+14 | exactbwd          30.3  124437.4    3.915    0     0 |      0.001      0.461     0.237
------------------------------------------------------------------------------------------------------------------------
100 10   0.8  7.43e-10  33  1.35e+09 | graves         30000.0  270000.0   14.712    2     0 |      1.000      1.000     1.000
100 10   0.8  7.43e-10  33  1.35e+09 | policy           107.6     968.7    0.034    0     0 |      0.004      0.004     0.002
100 10   0.8  7.43e-10  33  1.35e+09 | exactbwd          32.9  127543.0    4.469    0     0 |      0.001      0.472     0.304
------------------------------------------------------------------------------------------------------------------------
100 10   0.9  4.36e-05  28  2.29e+04 | graves         20824.0  187415.6   10.989    0     0 |      1.000      1.000     1.000
100 10   0.9  4.36e-05  28  2.29e+04 | policy            28.1     253.3    0.016    0     0 |      0.001      0.001     0.001
100 10   0.9  4.36e-05  28  2.29e+04 | exactbwd          28.1  102389.5    4.577    0     0 |      0.001      0.546     0.417
------------------------------------------------------------------------------------------------------------------------
150  5   0.7 -- all capped
150  5   0.8 -- all capped
150  5   0.9  1.02e-06  44  9.83e+05 | graves         30000.0  120000.0    9.042    2     0 |      1.000      1.000     1.000
150  5   0.9  1.02e-06  44  9.83e+05 | policy           252.0    1008.0    0.129    0     0 |      0.008      0.008     0.014
150  5   0.9  1.02e-06  44  9.83e+05 | exactbwd          44.5   48400.8    1.804    0     0 |      0.001      0.403     0.200
------------------------------------------------------------------------------------------------------------------------
150 10   0.7 -- all capped
150 10   0.8  3.14e-14  54  3.19e+13 | graves         30000.0  270000.0   21.030    2     0 |      1.000      1.000     1.000
150 10   0.8  3.14e-14  54  3.19e+13 | policy           511.2    4601.1    0.284    0     0 |      0.017      0.017     0.014
150 10   0.8  3.14e-14  54  3.19e+13 | exactbwd          53.5  320346.0   18.049    0     0 |      0.002      1.186     0.858
------------------------------------------------------------------------------------------------------------------------
150 10   0.9  2.87e-07  40  3.49e+06 | graves         30000.0  270000.0   31.881    2     0 |      1.000      1.000     1.000
150 10   0.9  2.87e-07  40  3.49e+06 | policy            39.9     359.0    0.035    0     0 |      0.001      0.001     0.001
150 10   0.9  2.87e-07  40  3.49e+06 | exactbwd          39.9  244115.3   16.133    0     0 |      0.001      0.904     0.506
------------------------------------------------------------------------------------------------------------------------
200  5   0.7 -- all capped
200  5   0.8 -- all capped
200  5   0.9  1.08e-08  52  9.25e+07 | graves         30000.0  120000.0   11.085    2     0 |      1.000      1.000     1.000
200  5   0.9  1.08e-08  52  9.25e+07 | policy           979.2    3917.0    0.186    0     0 |      0.033      0.033     0.017
200  5   0.9  1.08e-08  52  9.25e+07 | exactbwd          51.5   73991.5    2.882    0     0 |      0.002      0.617     0.260
------------------------------------------------------------------------------------------------------------------------
200 10   0.7 -- all capped
200 10   0.8  6.36e-19  58  1.57e+18 | graves         30000.0  270000.0   36.363    2     0 |      1.000      1.000     1.000
200 10   0.8  6.36e-19  58  1.57e+18 | policy          4763.1   42867.9    3.395    0     0 |      0.159      0.159     0.093
200 10   0.8  6.36e-19  58  1.57e+18 | exactbwd          58.0  509757.3   35.171    0     0 |      0.002      1.888     0.967
------------------------------------------------------------------------------------------------------------------------
200 10   0.9  2.24e-09  61  4.46e+08 | graves         30000.0  270000.0   31.951    2     0 |      1.000      1.000     1.000
200 10   0.9  2.24e-09  61  4.46e+08 | policy            61.0     548.7    0.046    0     0 |      0.002      0.002     0.001
200 10   0.9  2.24e-09  61  4.46e+08 | exactbwd          61.0  443906.2   26.655    0     0 |      0.002      1.644     0.834
------------------------------------------------------------------------------------------------------------------------
