# mode=random N=3 cap=100000
  T  W  conf        p*   D      1/p* | decoder            exp       gen      sec caps wrong | exp/graves gen/graves  t/graves
 16  5   0.0  3.34e-05   8  3.00e+04 | graves         22583.4   90333.4    0.863    0     0 |      1.000      1.000     1.000
 16  5   0.0  3.34e-05   8  3.00e+04 | childF          8238.6   32954.3    0.271    0     0 |      0.365      0.365     0.314
 16  5   0.0  3.34e-05   8  3.00e+04 | bidir            331.7    2154.1    0.019    0     0 |      0.015      0.024     0.022
 16  5   0.0  3.34e-05   8  3.00e+04 | policy           429.9    1719.5    0.017    0     0 |      0.019      0.019     0.019
 16  5   0.0  3.34e-05   8  3.00e+04 | exactbwd          38.8    3263.6    0.026    0     0 |      0.002      0.036     0.030
------------------------------------------------------------------------------------------------------------------------
 16  8   0.0  9.64e-08   8  1.04e+07 | graves        100000.0  700000.0   26.375    3     0 |      1.000      1.000     1.000
 16  8   0.0  9.64e-08   8  1.04e+07 | childF        100000.0  700000.0   36.665    3     0 |      1.000      1.000     1.390
 16  8   0.0  9.64e-08   8  1.04e+07 | bidir           2203.1   37919.3    1.374    0     0 |      0.022      0.054     0.052
 16  8   0.0  9.64e-08   8  1.04e+07 | policy          2292.9   16050.3    0.655    0     0 |      0.023      0.023     0.025
 16  8   0.0  9.64e-08   8  1.04e+07 | exactbwd          81.5   12194.5    0.681    0     0 |      0.001      0.017     0.026
------------------------------------------------------------------------------------------------------------------------
 24  5   0.0  4.08e-07  12  2.45e+06 | graves        100000.0  400000.0   28.495    3     0 |      1.000      1.000     1.000
 24  5   0.0  4.08e-07  12  2.45e+06 | childF        100000.0  400000.0   17.856    3     0 |      1.000      1.000     0.627
 24  5   0.0  4.08e-07  12  2.45e+06 | bidir           2134.0   16000.0    0.612    0     0 |      0.021      0.040     0.021
 24  5   0.0  4.08e-07  12  2.45e+06 | policy          5143.4   20573.6    0.761    0     0 |      0.051      0.051     0.027
 24  5   0.0  4.08e-07  12  2.45e+06 | exactbwd          87.0   13156.2    0.420    0     0 |      0.001      0.033     0.015
------------------------------------------------------------------------------------------------------------------------
 24  8   0.0  6.03e-11  12  1.66e+10 | graves        100000.0  700000.0   41.758    3     0 |      1.000      1.000     1.000
 24  8   0.0  6.03e-11  12  1.66e+10 | childF        100000.0  700000.0   52.369    3     0 |      1.000      1.000     1.254
 24  8   0.0  6.03e-11  12  1.66e+10 | bidir          60471.5 1436570.3   43.816    0     0 |      0.605      2.052     1.049
 24  8   0.0  6.03e-11  12  1.66e+10 | policy         54553.1  381871.5    9.538    0     0 |      0.546      0.546     0.228
 24  8   0.0  6.03e-11  12  1.66e+10 | exactbwd         113.0   33615.5    0.751    0     0 |      0.001      0.048     0.018
------------------------------------------------------------------------------------------------------------------------
 32  5   0.0  7.50e-09  16  1.33e+08 | graves        100000.0  400000.0   22.356    2     0 |      1.000      1.000     1.000
 32  5   0.0  7.50e-09  16  1.33e+08 | childF        100000.0  400000.0   24.878    2     0 |      1.000      1.000     1.113
 32  5   0.0  7.50e-09  16  1.33e+08 | bidir          12296.6  119237.3    4.178    0     0 |      0.123      0.298     0.187
 32  5   0.0  7.50e-09  16  1.33e+08 | policy         82450.7  329802.8    7.056    0     0 |      0.825      0.825     0.316
 32  5   0.0  7.50e-09  16  1.33e+08 | exactbwd         270.8   19055.5    0.257    0     0 |      0.003      0.048     0.011
------------------------------------------------------------------------------------------------------------------------
 32  8   0.0 -- all capped
