Consolidate compiler generated dependencies of target circuits
[  0%] Building CXX object CMakeFiles/circuits.dir/src/circuits/ae_to_metric.cpp.o
[  0%] Building CXX object CMakeFiles/circuits.dir/src/circuits/amplitude_amplification.cpp.o
[ 10%] Building CXX object CMakeFiles/circuits.dir/src/circuits/canonical_amplitude_estimation.cpp.o
[ 10%] Building CXX object CMakeFiles/circuits.dir/src/circuits/comparator.cpp.o
[ 10%] Building CXX object CMakeFiles/circuits.dir/src/circuits/compare_beam_oracle.cpp.o
[ 10%] Building CXX object CMakeFiles/circuits.dir/src/circuits/compare_gt.cpp.o
[ 20%] Building CXX object CMakeFiles/circuits.dir/src/circuits/controlled_addition.cpp.o
[ 20%] Building CXX object CMakeFiles/circuits.dir/src/circuits/controlled_multiplication.cpp.o
[ 20%] Building CXX object CMakeFiles/circuits.dir/src/circuits/controlled_proper_fraction_division.cpp.o
[ 30%] Building CXX object CMakeFiles/circuits.dir/src/circuits/controlled_subtraction.cpp.o
[ 30%] Building CXX object CMakeFiles/circuits.dir/src/circuits/controlled_swap.cpp.o
[ 30%] Building CXX object CMakeFiles/circuits.dir/src/circuits/efficient_encoding.cpp.o
[ 30%] Building CXX object CMakeFiles/circuits.dir/src/circuits/equality_checker.cpp.o
[ 40%] Building CXX object CMakeFiles/circuits.dir/src/circuits/generalised_mcx.cpp.o
[ 40%] Building CXX object CMakeFiles/circuits.dir/src/circuits/init_rep_flag.cpp.o
[ 40%] Building CXX object CMakeFiles/circuits.dir/src/circuits/inverse_circuit.cpp.o
[ 50%] Building CXX object CMakeFiles/circuits.dir/src/circuits/mcu_with_ancilla.cpp.o
[ 50%] Building CXX object CMakeFiles/circuits.dir/src/circuits/mean_value_finder.cpp.o
[ 50%] Building CXX object CMakeFiles/circuits.dir/src/circuits/multiplication.cpp.o
[ 50%] Building CXX object CMakeFiles/circuits.dir/src/circuits/phase_estimation.cpp.o
[ 60%] Building CXX object CMakeFiles/circuits.dir/src/circuits/proper_fraction_division.cpp.o
[ 60%] Building CXX object CMakeFiles/circuits.dir/src/circuits/pseudo_trace_amplitude_estimation.cpp.o
[ 60%] Building CXX object CMakeFiles/circuits.dir/src/circuits/circuits_activator.cpp.o
[ 70%] Building CXX object CMakeFiles/circuits.dir/src/circuits/qd_beam_state_prep.cpp.o
[ 70%] Building CXX object CMakeFiles/circuits.dir/src/circuits/q_prime_unitary.cpp.o
[ 70%] Building CXX object CMakeFiles/circuits.dir/src/circuits/ripple_adder.cpp.o
[ 70%] Building CXX object CMakeFiles/circuits.dir/src/circuits/subtraction.cpp.o
[ 80%] Building CXX object CMakeFiles/circuits.dir/src/circuits/superposition_adder.cpp.o
[ 80%] Building CXX object CMakeFiles/circuits.dir/src/circuits/u_prime_unitary.cpp.o
[ 80%] Building CXX object CMakeFiles/circuits.dir/src/circuits/uq_prime_unitary.cpp.o
[ 90%] Building CXX object CMakeFiles/circuits.dir/src/circuits/w_prime_unitary.cpp.o
[ 90%] Building CXX object CMakeFiles/circuits.dir/circuits/cppmicroservices_resources.cpp.o
[ 90%] Building CXX object CMakeFiles/circuits.dir/circuits/cppmicroservices_init.cpp.o
[ 90%] Linking CXX shared library libcircuits.so
Appending zipped resources to circuits
[100%] Built target circuits
Consolidate compiler generated dependencies of target sparse_simulator
[  0%] Building CXX object CMakeFiles/sparse_simulator.dir/src/backends/sims/microsoft/sparse-sim/SparseStateVecAccelerator.cpp.o
[  0%] Building CXX object CMakeFiles/sparse_simulator.dir/sparse_simulator/cppmicroservices_resources.cpp.o
[ 50%] Building CXX object CMakeFiles/sparse_simulator.dir/sparse_simulator/cppmicroservices_init.cpp.o
[ 50%] Linking CXX shared library libsparse_simulator.so
Appending zipped resources to sparse_simulator
[100%] Built target sparse_simulator
Consolidate compiler generated dependencies of target noise
[  0%] Building CXX object CMakeFiles/noise.dir/src/noise_model/noise_channel.cpp.o
Consolidate compiler generated dependencies of target yaml-cpp
[  2%] Building CXX object _deps/yamlcpp-build/CMakeFiles/yaml-cpp.dir/src/contrib/graphbuilder.cpp.o
[  2%] Building CXX object _deps/yamlcpp-build/CMakeFiles/yaml-cpp.dir/src/contrib/graphbuilderadapter.cpp.o
[  2%] Building CXX object _deps/yamlcpp-build/CMakeFiles/yaml-cpp.dir/src/binary.cpp.o
[  5%] Building CXX object _deps/yamlcpp-build/CMakeFiles/yaml-cpp.dir/src/convert.cpp.o
[  5%] Building CXX object _deps/yamlcpp-build/CMakeFiles/yaml-cpp.dir/src/depthguard.cpp.o
[  5%] Building CXX object _deps/yamlcpp-build/CMakeFiles/yaml-cpp.dir/src/directives.cpp.o
[  5%] Building CXX object _deps/yamlcpp-build/CMakeFiles/yaml-cpp.dir/src/emit.cpp.o
[  8%] Building CXX object _deps/yamlcpp-build/CMakeFiles/yaml-cpp.dir/src/emitfromevents.cpp.o
[  8%] Building CXX object _deps/yamlcpp-build/CMakeFiles/yaml-cpp.dir/src/emitter.cpp.o
[  8%] Building CXX object _deps/yamlcpp-build/CMakeFiles/yaml-cpp.dir/src/emitterstate.cpp.o
[ 11%] Building CXX object _deps/yamlcpp-build/CMakeFiles/yaml-cpp.dir/src/emitterutils.cpp.o
[ 11%] Building CXX object _deps/yamlcpp-build/CMakeFiles/yaml-cpp.dir/src/exceptions.cpp.o
[ 11%] Building CXX object _deps/yamlcpp-build/CMakeFiles/yaml-cpp.dir/src/exp.cpp.o
[ 11%] Building CXX object _deps/yamlcpp-build/CMakeFiles/yaml-cpp.dir/src/fptostring.cpp.o
[ 14%] Building CXX object _deps/yamlcpp-build/CMakeFiles/yaml-cpp.dir/src/memory.cpp.o
[ 14%] Building CXX object _deps/yamlcpp-build/CMakeFiles/yaml-cpp.dir/src/node.cpp.o
[ 14%] Building CXX object _deps/yamlcpp-build/CMakeFiles/yaml-cpp.dir/src/node_data.cpp.o
[ 17%] Building CXX object _deps/yamlcpp-build/CMakeFiles/yaml-cpp.dir/src/nodebuilder.cpp.o
[ 17%] Building CXX object _deps/yamlcpp-build/CMakeFiles/yaml-cpp.dir/src/nodeevents.cpp.o
[ 17%] Building CXX object _deps/yamlcpp-build/CMakeFiles/yaml-cpp.dir/src/null.cpp.o
[ 17%] Building CXX object _deps/yamlcpp-build/CMakeFiles/yaml-cpp.dir/src/ostream_wrapper.cpp.o
[ 20%] Building CXX object _deps/yamlcpp-build/CMakeFiles/yaml-cpp.dir/src/parse.cpp.o
[ 20%] Building CXX object _deps/yamlcpp-build/CMakeFiles/yaml-cpp.dir/src/parser.cpp.o
[ 20%] Building CXX object _deps/yamlcpp-build/CMakeFiles/yaml-cpp.dir/src/regex_yaml.cpp.o
[ 23%] Building CXX object _deps/yamlcpp-build/CMakeFiles/yaml-cpp.dir/src/scanner.cpp.o
[ 26%] Building CXX object CMakeFiles/noise.dir/src/noise_model/noise_model.cpp.o
[ 26%] Building CXX object _deps/yamlcpp-build/CMakeFiles/yaml-cpp.dir/src/scanscalar.cpp.o
[ 26%] Building CXX object _deps/yamlcpp-build/CMakeFiles/yaml-cpp.dir/src/scantag.cpp.o
[ 26%] Building CXX object _deps/yamlcpp-build/CMakeFiles/yaml-cpp.dir/src/scantoken.cpp.o
[ 26%] Building CXX object CMakeFiles/noise.dir/src/noise_model/default_noise_model.cpp.o
[ 29%] Building CXX object _deps/yamlcpp-build/CMakeFiles/yaml-cpp.dir/src/simplekey.cpp.o
[ 29%] Building CXX object _deps/yamlcpp-build/CMakeFiles/yaml-cpp.dir/src/singledocparser.cpp.o
[ 29%] Linking CXX shared library libnoise.so
[ 29%] Built target noise
Consolidate compiler generated dependencies of target cpr
[ 52%] Built target cpr
[ 52%] Building CXX object _deps/yamlcpp-build/CMakeFiles/yaml-cpp.dir/src/stream.cpp.o
[ 55%] Building CXX object _deps/yamlcpp-build/CMakeFiles/yaml-cpp.dir/src/tag.cpp.o
[ 55%] Linking CXX shared library libyaml-cpp.so
[ 55%] Built target yaml-cpp
Consolidate compiler generated dependencies of target core
[ 58%] Building CXX object CMakeFiles/core.dir/src/backend_utils.cpp.o
[ 58%] Building CXX object CMakeFiles/core.dir/src/backend.cpp.o
[ 58%] Building CXX object CMakeFiles/core.dir/src/backends/hardware/qb/options.cpp.o
[ 61%] Building CXX object CMakeFiles/core.dir/src/backends/hardware/qb/qdk.cpp.o
[ 61%] Building CXX object CMakeFiles/core.dir/src/backends/hardware/qb/visitor.cpp.o
[ 61%] Building CXX object CMakeFiles/core.dir/src/backends/hardware/qb/visitor_ACZ.cpp.o
[ 61%] Building CXX object CMakeFiles/core.dir/src/backends/hardware/qb/visitor_CZ.cpp.o
[ 64%] Building CXX object CMakeFiles/core.dir/src/backends/sims/aws/braket/options.cpp.o
[ 64%] Building CXX object CMakeFiles/core.dir/src/benchmark/DataLoaderGenerator.cpp.o
[ 64%] Building CXX object CMakeFiles/core.dir/src/benchmark/metrics/BitstringCounts.cpp.o
[ 67%] Building CXX object CMakeFiles/core.dir/src/benchmark/metrics/CircuitFidelity.cpp.o
[ 67%] Building CXX object CMakeFiles/core.dir/src/benchmark/metrics/QuantumProcessFidelity.cpp.o
[ 67%] Building CXX object CMakeFiles/core.dir/src/benchmark/metrics/QuantumProcessMatrix.cpp.o
[ 67%] Building CXX object CMakeFiles/core.dir/src/benchmark/metrics/QuantumStateDensity.cpp.o
[ 70%] Building CXX object CMakeFiles/core.dir/src/benchmark/metrics/QuantumStateFidelity.cpp.o
[ 70%] Building CXX object CMakeFiles/core.dir/src/benchmark/workflows/PreOrAppendWorkflow.cpp.o
[ 70%] Building CXX object CMakeFiles/core.dir/src/benchmark/workflows/PyGSTiBenchmark.cpp.o
[ 73%] Building CXX object CMakeFiles/core.dir/src/benchmark/workflows/QuantumProcessTomography.cpp.o
[ 73%] Building CXX object CMakeFiles/core.dir/src/benchmark/workflows/QuantumStateTomography.cpp.o
[ 73%] Building CXX object CMakeFiles/core.dir/src/benchmark/workflows/RotationSweep.cpp.o
[ 73%] Building CXX object CMakeFiles/core.dir/src/benchmark/workflows/SPAMBenchmark.cpp.o
[ 76%] Building CXX object CMakeFiles/core.dir/src/benchmark/workflows/WorkflowAddins.cpp.o
[ 76%] Building CXX object CMakeFiles/core.dir/src/circuit_builder.cpp.o
[ 76%] Building CXX object CMakeFiles/core.dir/src/jensen_shannon.cpp.o
[ 79%] Building CXX object CMakeFiles/core.dir/src/optimization/vqee/case_generator.cpp.o
[ 79%] Building CXX object CMakeFiles/core.dir/src/optimization/vqee/vqee_mlpack.cpp.o
[ 79%] Building CXX object CMakeFiles/core.dir/src/optimization/vqee/vqee_nlopt.cpp.o
[ 79%] Building CXX object CMakeFiles/core.dir/src/optimization/vqee/vqee.cpp.o
[ 82%] Building CXX object CMakeFiles/core.dir/src/passes/circuit_opt_passes.cpp.o
[ 82%] Building CXX object CMakeFiles/core.dir/src/passes/gate_deferral_pass.cpp.o
[ 82%] Building CXX object CMakeFiles/core.dir/src/passes/noise_aware_placement_pass.cpp.o
[ 85%] Building CXX object CMakeFiles/core.dir/src/passes/swap_placement_pass.cpp.o
[ 85%] Building CXX object CMakeFiles/core.dir/src/extension_loader.cpp.o
[ 85%] Building CXX object CMakeFiles/core.dir/src/pretranspiler.cpp.o
[ 85%] Building CXX object CMakeFiles/core.dir/src/primitives.cpp.o
[ 88%] Building CXX object CMakeFiles/core.dir/src/profiler.cpp.o
[ 88%] Building CXX object CMakeFiles/core.dir/src/session_getter_setter.cpp.o
[ 88%] Building CXX object CMakeFiles/core.dir/src/session_parameter_string_constants.cpp.o
[ 91%] Building CXX object CMakeFiles/core.dir/src/session.cpp.o
[ 91%] Building CXX object CMakeFiles/core.dir/src/thread_pool.cpp.o
[ 91%] Building CXX object CMakeFiles/core.dir/src/utils.cpp.o
[ 91%] Linking CXX shared library libcore.so
[ 91%] Built target core
[ 91%] Checking resource dependencies for decoder
[ 94%] Checking resource dependencies for decoder
Consolidate compiler generated dependencies of target decoder
[ 94%] Building CXX object decoder/CMakeFiles/decoder.dir/src/decoder_kernel.cpp.o
[ 97%] Building CXX object decoder/CMakeFiles/decoder.dir/src/quantum_decoder.cpp.o
[ 97%] Building CXX object decoder/CMakeFiles/decoder.dir/src/decoder_plugin_activator.cpp.o
[ 97%] Building CXX object decoder/CMakeFiles/decoder.dir/decoder/cppmicroservices_resources.cpp.o
[ 97%] Building CXX object decoder/CMakeFiles/decoder.dir/decoder/cppmicroservices_init.cpp.o
[100%] Linking CXX shared library libdecoder.so
Appending zipped resources to decoder
[100%] Built target decoder
Consolidate compiler generated dependencies of target noise
[  3%] Built target noise
Consolidate compiler generated dependencies of target yaml-cpp
[ 33%] Built target yaml-cpp
[ 57%] Built target cpr
Consolidate compiler generated dependencies of target core
[ 93%] Built target core
[ 93%] Checking resource dependencies for simplified_decoder
[ 96%] Checking resource dependencies for simplified_decoder
Consolidate compiler generated dependencies of target simplified_decoder
[100%] Building CXX object decoder/CMakeFiles/simplified_decoder.dir/src/simplified_decoder.cpp.o
[100%] Building CXX object decoder/CMakeFiles/simplified_decoder.dir/simplified_decoder/cppmicroservices_resources.cpp.o
[100%] Building CXX object decoder/CMakeFiles/simplified_decoder.dir/simplified_decoder/cppmicroservices_init.cpp.o
[100%] Linking CXX shared library libsimplified_decoder.so
Appending zipped resources to simplified_decoder
[100%] Built target simplified_decoder
[ 27%] Built target yaml-cpp
[ 29%] Built target noise
[ 51%] Built target cpr
Consolidate compiler generated dependencies of target gtest
[ 54%] Building CXX object _deps/googletest-build/googletest/CMakeFiles/gtest.dir/src/gtest-all.cc.o
[ 86%] Built target core
Consolidate compiler generated dependencies of target simplified_decoder
[ 91%] Built target simplified_decoder
[ 91%] Linking CXX static library ../../../lib/libgtest.a
[ 91%] Built target gtest
Consolidate compiler generated dependencies of target gtest_main
Consolidate compiler generated dependencies of target gmock
[ 91%] Building CXX object _deps/googletest-build/googletest/CMakeFiles/gtest_main.dir/src/gtest_main.cc.o
[ 94%] Building CXX object _deps/googletest-build/googlemock/CMakeFiles/gmock.dir/src/gmock-all.cc.o
[ 97%] Linking CXX static library ../../../lib/libgtest_main.a
[ 97%] Built target gtest_main
[ 97%] Linking CXX static library ../../../lib/libgmock.a
[ 97%] Built target gmock
Consolidate compiler generated dependencies of target gmock_main
[ 97%] Building CXX object _deps/googletest-build/googlemock/CMakeFiles/gmock_main.dir/src/gmock_main.cc.o
[ 97%] Linking CXX static library ../../../lib/libgmock_main.a
[ 97%] Built target gmock_main
Consolidate compiler generated dependencies of target CITests_decoder
[ 97%] Building CXX object decoder/CMakeFiles/CITests_decoder.dir/work/qristal-core/tests/misc_cpp/XaccInitialisedTests.cpp.o
[ 97%] Building CXX object decoder/CMakeFiles/CITests_decoder.dir/tests/SimplifiedDecoderAlgorithm.cpp.o
[100%] Building CXX object decoder/CMakeFiles/CITests_decoder.dir/tests/DecoderKernel.cpp.o
[100%] Building CXX object decoder/CMakeFiles/CITests_decoder.dir/tests/QuantumDecoderAlgorithm.cpp.o
[100%] Building CXX object decoder/CMakeFiles/CITests_decoder.dir/tests/CommunityQualification.cpp.o
[100%] Linking CXX executable CITests_decoder
[100%] Built target CITests_decoder
