T=8 W=3 target m>=1.05: exact margin=1.1853 D=4 exp_final=9 n_off=5 exp/D=2.25 K=3 maxK_off=3 maxR_off=1.976 maxKeff_off=2.08 mode=2121 l2=221 (0s) brute:ok
   table (rows):
     ['0.029', '0.477', '0.495']
     ['0.925', '0.013', '0.062']
     ['0.281', '0.241', '0.478']
     ['0.211', '0.375', '0.414']
     ['0.469', '0.286', '0.245']
     ['0.461', '0.015', '0.524']
     ['0.055', '0.817', '0.128']
     ['0.163', '0.420', '0.417']
     off-path u=1 B/p*=1.130 K_u=3 R=1.360 maxc/p*=0.830 vs=['2121', '21', '2']
     off-path u=12 B/p*=1.641 K_u=2 R=1.976 maxc/p*=0.830 vs=['121', '1']
     off-path u=121 B/p*=1.410 K_u=2 R=1.698 maxc/p*=0.830 vs=['21', '2']
     off-path u=22 B/p*=1.575 K_u=2 R=1.867 maxc/p*=0.844 vs=['121', '1']
     off-path u=221 B/p*=1.332 K_u=2 R=1.777 maxc/p*=0.750 vs=['21', '2']
T=8 W=3 target m>=1.2: exact margin=1.2256 D=2 exp_final=4 n_off=2 exp/D=2.00 K=3 maxK_off=2 maxR_off=1.808 maxKeff_off=1.86 mode=11 l2=1211 (0s) brute:ok
T=8 W=3 target m>=1.5: exact margin=2.2133 D=3 exp_final=4 n_off=1 exp/D=1.33 K=4 maxK_off=3 maxR_off=2.355 maxKeff_off=2.99 mode=121 l2=21 (0s) brute:ok
T=8 W=3 target m>=2.0: exact margin=3.1483 D=3 exp_final=3 n_off=0 exp/D=1.00 K=2 maxK_off=0 maxR_off=0.000 maxKeff_off=0.00 mode=212 l2=2121 (0s) brute:ok
T=8 W=3 target m>=3.0: exact margin=10.1771 D=4 exp_final=4 n_off=0 exp/D=1.00 K=4 maxK_off=0 maxR_off=0.000 maxKeff_off=0.00 mode=1212 l2=12 (0s) brute:ok
T=10 W=3 target m>=1.05: exact margin=1.0171 D=6 exp_final=16 n_off=10 exp/D=2.67 K=5 maxK_off=5 maxR_off=2.076 maxKeff_off=3.51 mode=122121 l2=22121 (1s) brute:ok
T=10 W=3 target m>=1.2: exact margin=1.2075 D=4 exp_final=9 n_off=5 exp/D=2.25 K=5 maxK_off=4 maxR_off=1.801 maxKeff_off=3.06 mode=2121 l2=1221 (1s) brute:ok
   table (rows):
     ['0.431', '0.267', '0.302']
     ['0.475', '0.226', '0.300']
     ['0.508', '0.224', '0.269']
     ['0.573', '0.285', '0.142']
     ['0.368', '0.076', '0.556']
     ['0.253', '0.227', '0.520']
     ['0.459', '0.257', '0.284']
     ['0.380', '0.030', '0.591']
     ['0.293', '0.378', '0.329']
     ['0.229', '0.409', '0.363']
     off-path u=22 B/p*=1.237 K_u=3 R=1.634 maxc/p*=0.757 vs=['121', '12', '1']
     off-path u=1 B/p*=1.071 K_u=4 R=1.294 maxc/p*=0.828 vs=['2121', '221', '21', '2']
     off-path u=12 B/p*=1.406 K_u=3 R=1.801 maxc/p*=0.780 vs=['121', '12', '1']
     off-path u=121 B/p*=1.115 K_u=3 R=1.429 maxc/p*=0.780 vs=['221', '21', '2']
     off-path u=122 B/p*=1.010 K_u=3 R=1.220 maxc/p*=0.828 vs=['121', '12', '1']
T=10 W=3 target m>=1.5: exact margin=1.5678 D=4 exp_final=6 n_off=2 exp/D=1.50 K=4 maxK_off=4 maxR_off=2.331 maxKeff_off=3.58 mode=1212 l2=121 (1s) brute:ok
T=10 W=3 target m>=2.0: exact margin=2.7509 D=3 exp_final=3 n_off=0 exp/D=1.00 K=3 maxK_off=0 maxR_off=0.000 maxKeff_off=0.00 mode=212 l2=2212 (1s) brute:ok
T=10 W=3 target m>=3.0: exact margin=3.1363 D=5 exp_final=5 n_off=0 exp/D=1.00 K=4 maxK_off=0 maxR_off=0.000 maxKeff_off=0.00 mode=21212 l2=1212 (1s) brute:ok
T=12 W=3 target m>=1.05: exact margin=1.0699 D=5 exp_final=15 n_off=10 exp/D=3.00 K=6 maxK_off=5 maxR_off=2.243 maxKeff_off=3.70 mode=12121 l2=212121 (0s)
   table (rows):
     ['0.549', '0.160', '0.291']
     ['0.374', '0.367', '0.259']
     ['0.259', '0.202', '0.539']
     ['0.725', '0.092', '0.182']
     ['0.540', '0.278', '0.182']
     ['0.248', '0.250', '0.502']
     ['0.283', '0.384', '0.333']
     ['0.477', '0.266', '0.257']
     ['0.339', '0.076', '0.585']
     ['0.364', '0.353', '0.283']
     ['0.580', '0.134', '0.287']
     ['0.032', '0.498', '0.469']
     off-path u=2 B/p*=1.413 K_u=5 R=1.512 maxc/p*=0.935 vs=['12121', '1212', '121', '12', '1']
     off-path u=21 B/p*=1.651 K_u=4 R=1.766 maxc/p*=0.935 vs=['2121', '221', '21', '2']
     off-path u=212 B/p*=2.096 K_u=5 R=2.243 maxc/p*=0.935 vs=['12121', '1212', '121', '12', '1']
     off-path u=2121 B/p*=1.586 K_u=4 R=1.697 maxc/p*=0.935 vs=['2121', '221', '21', '2']
     off-path u=22 B/p*=1.318 K_u=5 R=1.528 maxc/p*=0.863 vs=['12121', '1212', '121', '12', '1']
     off-path u=21212 B/p*=1.317 K_u=3 R=1.409 maxc/p*=0.935 vs=['121', '12', '1']
T=12 W=3 target m>=1.2: exact margin=1.2367 D=6 exp_final=17 n_off=11 exp/D=2.83 K=6 maxK_off=5 maxR_off=2.093 maxKeff_off=3.71 mode=212121 l2=112121 (1s)
   table (rows):
     ['0.365', '0.353', '0.282']
     ['0.365', '0.353', '0.282']
     ['0.533', '0.306', '0.162']
     ['0.015', '0.982', '0.003']
     ['0.293', '0.307', '0.400']
     ['0.210', '0.629', '0.161']
     ['0.109', '0.653', '0.239']
     ['0.200', '0.714', '0.086']
     ['0.168', '0.276', '0.557']
     ['0.332', '0.411', '0.257']
     ['0.725', '0.131', '0.144']
     ['0.051', '0.478', '0.471']
     off-path u=1 B/p*=1.282 K_u=5 R=1.657 maxc/p*=0.774 vs=['212121', '2121', '212', '21', '2']
     off-path u=11 B/p*=1.485 K_u=4 R=1.836 maxc/p*=0.809 vs=['2121', '212', '21', '2']
     off-path u=112 B/p*=1.543 K_u=4 R=1.908 maxc/p*=0.809 vs=['1212', '121', '12', '1']
     off-path u=1121 B/p*=1.456 K_u=4 R=1.801 maxc/p*=0.809 vs=['2121', '212', '21', '2']
     off-path u=12 B/p*=1.335 K_u=5 R=1.725 maxc/p*=0.774 vs=['12121', '1212', '121', '12', '1']
     off-path u=121 B/p*=1.619 K_u=4 R=2.093 maxc/p*=0.774 vs=['2121', '212', '21', '2']
T=12 W=3 target m>=1.5: exact margin=1.6178 D=4 exp_final=7 n_off=3 exp/D=1.75 K=4 maxK_off=4 maxR_off=2.213 maxKeff_off=2.98 mode=1212 l2=212 (0s)
   table (rows):
     ['0.517', '0.330', '0.153']
     ['0.518', '0.229', '0.253']
     ['0.737', '0.050', '0.213']
     ['0.446', '0.307', '0.248']
     ['0.510', '0.283', '0.207']
     ['0.670', '0.024', '0.307']
     ['0.100', '0.671', '0.229']
     ['0.275', '0.592', '0.133']
     ['0.376', '0.308', '0.316']
     ['0.826', '0.054', '0.120']
     ['0.293', '0.119', '0.588']
     ['0.319', '0.089', '0.593']
     off-path u=2 B/p*=1.122 K_u=4 R=1.815 maxc/p*=0.618 vs=['1212', '112', '12', '1']
     off-path u=21 B/p*=1.368 K_u=4 R=2.213 maxc/p*=0.618 vs=['21212', '212', '22', '2']
     off-path u=11 B/p*=1.071 K_u=3 R=2.150 maxc/p*=0.498 vs=['212', '22', '2']
T=12 W=3 target m>=2.0: exact margin=2.1684 D=4 exp_final=4 n_off=0 exp/D=1.00 K=4 maxK_off=0 maxR_off=0.000 maxKeff_off=0.00 mode=2121 l2=21121 (0s)
T=12 W=3 target m>=3.0: exact margin=3.2050 D=5 exp_final=5 n_off=0 exp/D=1.00 K=6 maxK_off=0 maxR_off=0.000 maxKeff_off=0.00 mode=21212 l2=1212 (0s)
T=8 W=4 target m>=1.05: exact margin=1.0214 D=5 exp_final=16 n_off=11 exp/D=3.20 K=6 maxK_off=4 maxR_off=1.890 maxKeff_off=2.83 mode=31313 l2=31213 (1s) brute:ok
T=8 W=4 target m>=1.2: exact margin=1.2324 D=3 exp_final=8 n_off=5 exp/D=2.67 K=3 maxK_off=3 maxR_off=1.965 maxKeff_off=2.79 mode=131 l2=231 (1s) brute:ok
   table (rows):
     ['0.320', '0.216', '0.180', '0.284']
     ['0.210', '0.323', '0.274', '0.193']
     ['0.428', '0.139', '0.213', '0.221']
     ['0.505', '0.295', '0.034', '0.166']
     ['0.758', '0.063', '0.104', '0.075']
     ['0.940', '0.021', '0.026', '0.013']
     ['0.382', '0.158', '0.181', '0.278']
     ['0.032', '0.742', '0.104', '0.122']
     off-path u=3 B/p*=1.483 K_u=3 R=1.965 maxc/p*=0.755 vs=['131', '11', '1']
     off-path u=2 B/p*=1.274 K_u=3 R=1.921 maxc/p*=0.663 vs=['131', '11', '1']
     off-path u=12 B/p*=1.040 K_u=2 R=1.396 maxc/p*=0.745 vs=['11', '1']
     off-path u=23 B/p*=1.034 K_u=2 R=1.274 maxc/p*=0.811 vs=['11', '1']
     off-path u=32 B/p*=1.022 K_u=2 R=1.454 maxc/p*=0.703 vs=['11', '1']
T=8 W=4 target m>=1.5: exact margin=1.5302 D=4 exp_final=7 n_off=3 exp/D=1.75 K=6 maxK_off=3 maxR_off=1.992 maxKeff_off=2.88 mode=1212 l2=2121 (1s) brute:ok
   table (rows):
     ['0.444', '0.008', '0.254', '0.295']
     ['0.066', '0.667', '0.257', '0.010']
     ['0.224', '0.119', '0.584', '0.073']
     ['0.212', '0.113', '0.553', '0.122']
     ['0.500', '0.488', '0.002', '0.009']
     ['0.498', '0.486', '0.002', '0.013']
     ['0.057', '0.302', '0.469', '0.172']
     ['0.101', '0.410', '0.356', '0.133']
     off-path u=2 B/p*=1.225 K_u=3 R=1.992 maxc/p*=0.615 vs=['1212', '12', '1']
     off-path u=21 B/p*=1.227 K_u=3 R=1.877 maxc/p*=0.654 vs=['212', '21', '2']
     off-path u=212 B/p*=1.017 K_u=2 R=1.556 maxc/p*=0.654 vs=['12', '1']
T=8 W=4 target m>=2.0: exact margin=2.7434 D=3 exp_final=3 n_off=0 exp/D=1.00 K=4 maxK_off=0 maxR_off=0.000 maxKeff_off=0.00 mode=323 l2=2323 (1s) brute:ok
T=8 W=4 target m>=3.0: exact margin=3.4455 D=2 exp_final=2 n_off=0 exp/D=1.00 K=3 maxK_off=0 maxR_off=0.000 maxKeff_off=0.00 mode=32 l2=3232 (1s) brute:ok
T=10 W=4 target m>=1.05: exact margin=1.0149 D=6 exp_final=39 n_off=33 exp/D=6.50 K=8 maxK_off=6 maxR_off=1.836 maxKeff_off=4.24 mode=212321 l2=232123 (15s) brute:ok
T=10 W=4 target m>=1.2: exact margin=1.0547 D=5 exp_final=29 n_off=24 exp/D=5.80 K=7 maxK_off=6 maxR_off=1.754 maxKeff_off=4.14 mode=23131 l2=32131 (14s) brute:ok
T=10 W=4 target m>=1.5: exact margin=1.5210 D=6 exp_final=9 n_off=3 exp/D=1.50 K=6 maxK_off=5 maxR_off=2.383 maxKeff_off=4.11 mode=132123 l2=132121 (12s) brute:ok
   table (rows):
     ['0.032', '0.941', '0.022', '0.005']
     ['0.777', '0.054', '0.161', '0.008']
     ['0.004', '0.016', '0.451', '0.529']
     ['0.141', '0.346', '0.331', '0.182']
     ['0.000', '0.000', '0.999', '0.001']
     ['0.000', '0.000', '0.999', '0.001']
     ['0.393', '0.577', '0.030', '0.000']
     ['0.593', '0.049', '0.219', '0.139']
     ['0.031', '0.455', '0.511', '0.003']
     ['0.081', '0.287', '0.077', '0.556']
     off-path u=12 B/p*=1.291 K_u=4 R=2.383 maxc/p*=0.542 vs=['12123', '123', '13', '1']
     off-path u=121 B/p*=1.103 K_u=5 R=2.037 maxc/p*=0.542 vs=['2123', '213', '21', '23', '2']
     off-path u=1212 B/p*=1.161 K_u=3 R=2.156 maxc/p*=0.538 vs=['123', '13', '1']
T=10 W=4 target m>=2.0: exact margin=2.0070 D=6 exp_final=6 n_off=0 exp/D=1.00 K=6 maxK_off=0 maxR_off=0.000 maxKeff_off=0.00 mode=213131 l2=233131 (18s) brute:ok
T=10 W=4 target m>=3.0: exact margin=3.0229 D=2 exp_final=2 n_off=0 exp/D=1.00 K=3 maxK_off=0 maxR_off=0.000 maxKeff_off=0.00 mode=21 l2=221 (17s) brute:ok
T=12 W=4 target m>=1.05: exact margin=1.0215 D=6 exp_final=82 n_off=76 exp/D=13.67 K=7 maxK_off=6 maxR_off=1.891 maxKeff_off=3.85 mode=121231 l2=321231 (3s)
T=12 W=4 target m>=1.2: exact margin=1.0794 D=5 exp_final=40 n_off=35 exp/D=8.00 K=7 maxK_off=5 maxR_off=1.612 maxKeff_off=3.42 mode=13131 l2=23131 (2s)
T=12 W=4 target m>=1.5: exact margin=1.0342 D=5 exp_final=48 n_off=43 exp/D=9.60 K=7 maxK_off=6 maxR_off=1.689 maxKeff_off=3.71 mode=32323 l2=31213 (2s)
T=12 W=4 target m>=2.0: exact margin=1.0351 D=6 exp_final=96 n_off=90 exp/D=16.00 K=8 maxK_off=7 maxR_off=2.135 maxKeff_off=4.77 mode=213212 l2=121212 (3s)
T=12 W=4 target m>=3.0: exact margin=4.0011 D=5 exp_final=5 n_off=0 exp/D=1.00 K=5 maxK_off=0 maxR_off=0.000 maxKeff_off=0.00 mode=21313 l2=213213 (2s)
GATE H exact (Fraction) re-analysis of every hunted table; brute-force p*,p2 agreement at T<=10 reported per line
