# W=4 grid: rho in (0.4, 0.5, 0.6, 0.7, 0.8), A in (1.5, 2, 3, 4, 6, 8, 12, 16, 24, 32), B in (1, 1.5, 2, 3, 4, 6, 8) (B<=A) ; margin = exact p*/p2
## T=16: 275 cells (0s); margin range 1.000..1.651
   band m>= #cells max exp/D                 (cell) max n_off max exp max gen/T2 max R_off max K_u   D range
       1.00    275      6.67 rho=0.4 A=3 B=1 m=1.00        34      40       4.71      1.66       7   1-9  
       1.02    256      5.00 rho=0.4 A=4 B=1 m=1.11        16      20       3.05      1.66       6   1-9  
       1.05    223      5.00 rho=0.4 A=4 B=1 m=1.11        16      20       3.05      1.66       6   1-9  
       1.10    174      5.00 rho=0.4 A=4 B=1 m=1.11        16      20       3.05      1.66       5   2-8  
       1.20    115      2.50 rho=0.6 A=2 B=1 m=1.29         6      13       2.34      1.66       5   2-7  
       1.30     68      2.00 rho=0.8 A=6 B=4 m=1.33         5      10       2.20      1.66       5   2-7  
       1.50     11      1.00 rho=0.4 A=3 B=1.5 m=1.63         0       7       1.96      0.00       0   3-7  
       2.00      0
       3.00      0
       4.00      0
## T=24: 275 cells (2s); margin range 1.000..1.536
   band m>= #cells max exp/D                 (cell) max n_off max exp max gen/T2 max R_off max K_u   D range
       1.00    275     40.44 rho=0.4 A=3 B=1 m=1.00       354     364      17.93      1.85      13   2-13 
       1.02    253     19.33 rho=0.4 A=4 B=1 m=1.13       110     116       9.49      1.85       9   2-12 
       1.05    218     19.33 rho=0.4 A=4 B=1 m=1.13       110     116       9.49      1.85       9   2-12 
       1.10    158     19.33 rho=0.4 A=4 B=1 m=1.13       110     116       9.49      1.77       7   2-12 
       1.20     68      5.11 rho=0.7 A=6 B=3 m=1.21        36      46       4.07      1.77       7   2-11 
       1.30     29      1.78 rho=0.6 A=3 B=2 m=1.37         6      16       2.53      1.68       6   2-11 
       1.50      1      1.09 rho=0.6 A=6 B=4 m=1.54         0      12       2.08      0.00       0  11-11 
       2.00      0
       3.00      0
       4.00      0
## T=32: 275 cells (7s); margin range 1.000..1.366
   band m>= #cells max exp/D                 (cell) max n_off max exp max gen/T2 max R_off max K_u   D range
       1.00    275    212.92 rho=0.4 A=3 B=1 m=1.00      2754    2768      79.81      2.01      18   2-16 
       1.02    242     43.25 rho=0.4 A=4 B=1 m=1.07       338     346      23.33      1.96      16   2-16 
       1.05    204     43.25 rho=0.4 A=4 B=1 m=1.07       338     346      23.33      1.96      10   2-16 
       1.10    138     14.12 rho=0.7 A=4 B=2 m=1.10       105     118       9.04      1.96       9   2-15 
       1.20     42      3.75 rho=0.7 A=12 B=3 m=1.23        34      48       4.82      1.86       7   3-15 
       1.30      3      1.54 rho=0.7 A=6 B=4 m=1.35         6      20       2.52      1.84       6  13-15 
       1.50      0
       2.00      0
       3.00      0
       4.00      0
## T=48: 275 cells (402s); margin range 1.000..1.245
   band m>= #cells max exp/D                 (cell) max n_off max exp max gen/T2 max R_off max K_u   D range
       1.00    275   6507.37 rho=0.4 A=3 B=1 m=1.00    123620  123640    2002.83      2.25      30   3-24 
       1.02    222    470.73 rho=0.4 A=4 B=1 m=1.08      5166    5178     146.41      2.25      16   3-24 
       1.05    169    470.73 rho=0.4 A=4 B=1 m=1.08      5166    5178     146.41      2.22      13   3-23 
       1.10     87     61.16 rho=0.5 A=4 B=1.5 m=1.11      1142    1162      49.00      2.22      13   3-23 
       1.20      6      5.40 rho=0.6 A=2 B=1.5 m=1.25        65      81       5.13      2.10      10   4-23 
