# W=3 grid: rho in (0.4, 0.5, 0.6, 0.7, 0.8), A in (1.5, 2, 3, 4, 6, 8, 12, 16, 24, 32), B in (1, 1.5, 2, 3, 4, 6, 8) (B<=A) ; margin = exact p*/p2
## T=16: 275 cells (0s); margin range 1.000..1.654
   band m>= #cells max exp/D                 (cell) max n_off max exp max gen/T2 max R_off max K_u   D range
       1.00    275      3.75 rho=0.7 A=6 B=2 m=1.01        10      15       1.19      1.66       7   1-9  
       1.02    255      3.75 rho=0.8 A=8 B=3 m=1.02        10      15       1.19      1.66       6   1-9  
       1.05    220      3.00 rho=0.7 A=4 B=1.5 m=1.07         8      15       1.11      1.66       6   1-9  
       1.10    187      2.75 rho=0.5 A=4 B=1 m=1.11         7      13       1.11      1.66       6   1-9  
       1.20    119      2.00 rho=0.6 A=1.5 B=1 m=1.33         6      13       1.09      1.66       6   1-7  
       1.30     68      2.00 rho=0.6 A=1.5 B=1 m=1.33         5      10       0.95      1.66       5   1-7  
       1.50     14      1.00 rho=0.4 A=1.5 B=1 m=1.52         0       7       0.87      0.00       0   1-7  
       2.00      0
       3.00      0
       4.00      0
## T=24: 275 cells (1s); margin range 1.000..1.497
   band m>= #cells max exp/D                 (cell) max n_off max exp max gen/T2 max R_off max K_u   D range
       1.00    275      9.67 rho=0.7 A=6 B=2 m=1.04        53      63       2.45      1.80      14   1-13 
       1.02    258      9.67 rho=0.7 A=6 B=2 m=1.04        53      63       2.45      1.80      11   1-13 
       1.05    212      7.00 rho=0.6 A=4 B=1.5 m=1.10        53      63       2.39      1.80      10   2-12 
       1.10    162      6.00 rho=0.5 A=4 B=1 m=1.13        36      46       1.90      1.80       7   2-12 
       1.20     85      5.11 rho=0.7 A=4 B=2 m=1.21        36      46       1.90      1.80       7   2-11 
       1.30     33      1.67 rho=0.7 A=3 B=2 m=1.32         6      15       1.14      1.61       6   2-11 
       1.50      0
       2.00      0
       3.00      0
       4.00      0
## T=32: 275 cells (2s); margin range 1.000..1.356
   band m>= #cells max exp/D                 (cell) max n_off max exp max gen/T2 max R_off max K_u   D range
       1.00    275     24.88 rho=0.8 A=8 B=3 m=1.02       234     248       5.68      1.98      17   2-17 
       1.02    242     24.88 rho=0.8 A=8 B=3 m=1.02       234     248       5.68      1.98      17   2-16 
       1.05    206     17.85 rho=0.6 A=4 B=1.5 m=1.10       218     232       5.09      1.98      12   2-16 
       1.10    145      5.20 rho=0.6 A=16 B=2 m=1.13        34      48       2.21      1.98       8   2-15 
       1.20     56      3.75 rho=0.7 A=8 B=2 m=1.23        34      48       2.21      1.98       8   2-15 
       1.30      2      1.07 rho=0.4 A=2 B=1.5 m=1.36         0      16       0.97      0.00       0  15-15 
       1.50      0
       2.00      0
       3.00      0
       4.00      0
## T=48: 275 cells (28s); margin range 1.000..1.246
   band m>= #cells max exp/D                 (cell) max n_off max exp max gen/T2 max R_off max K_u   D range
       1.00    275    172.68 rho=0.5 A=3 B=1 m=1.05      3261    3281      34.70      2.22      26   2-24 
       1.02    226    172.68 rho=0.5 A=3 B=1 m=1.05      3261    3281      34.70      2.22      21   2-24 
       1.05    170    114.67 rho=0.7 A=6 B=2 m=1.06      1387    1405      22.73      2.18      15   2-23 
       1.10     87     82.65 rho=0.8 A=6 B=3 m=1.11      1387    1405      21.03      2.18      15   3-23 
       1.20     10      2.05 rho=0.4 A=2 B=1 m=1.24        21      43       1.36      2.10      10   3-23 
       1.30      0
       1.50      0
       2.00      0
       3.00      0
       4.00      0
## T=64: 275 cells (485s); margin range 1.000..1.236
   band m>= #cells max exp/D                 (cell) max n_off max exp max gen/T2 max R_off max K_u   D range
       1.00    275   1464.68 rho=0.5 A=3 B=1 m=1.05     36591   36617     248.40      2.47      34   3-32 
       1.02    218   1464.68 rho=0.5 A=3 B=1 m=1.05     36591   36617     248.40      2.47      26   3-32 
       1.05    144   1464.68 rho=0.5 A=3 B=1 m=1.05     36591   36617     248.40      2.37      26   3-31 
       1.10     49    246.61 rho=0.8 A=6 B=3 m=1.10      5648    5672      64.64      2.37      18   3-31 
       1.20      1      1.00 rho=0.4 A=32 B=1 m=1.24         0       3       0.09      0.00       0   3-3  
