GATE compressed (path-only) simulator reproduces the full (path x label) simulator trajectory: 24 tables, 0 mismatches -> PASS
GATE oracle p(l|y) [ctc_forward] vs toolkit brute_ctc AND my own enumeration AND Born marginal of A|0>: 248232 labellings, worst abs err 8.88e-16 -> PASS
GATE Durr-Hoyer returned label has p == p* (brute force): 272 tables (200 brief + 72 extended), 0 failures -> PASS
GATE weighted-DH cost-sum  sum_r (p_r/P_r)/sqrt(P_(r-1)) <= 2/sqrt(p*): worst sum*sqrt(p*) = 1.756 -> PASS
exact-label matches: 267/272 (non-matches are exact ties, p==p*)

TABLE (means per config). G = Grover iterations (1 oracle + 1 reflection each). detect = final certification round, K=12 loops at M_cap=ceil(2/sqrt(theta)).
 T  W     kind   n    NL      p*  margin 1/sqrt p* rounds   E[r] ln(1/p*)  G_srch G_srch/inv   G_det G_det/inv G_tot/inv
 3  2    peaky  25   3.0  0.7071    3.19      1.21   0.36   0.30     0.37     0.1       0.06    25.6     21.45     21.51
 3  2 rational  25   3.0  0.7188    3.46      1.19   0.28   0.30     0.35     0.0       0.00    26.0     21.95     21.95
 4  2    peaky  25   3.0  0.7149    2.71      1.20   0.28   0.30     0.35     0.2       0.14    25.8     21.79     21.92
 4  2 rational  25   3.0  0.6890    2.76      1.22   0.32   0.32     0.39     0.3       0.21    25.3     20.99     21.20
 3  3    peaky  25   9.0  0.6515    5.78      1.29   0.40   0.43     0.48     0.1       0.04    25.6     20.29     20.34
 3  3 rational  25   9.0  0.4561    1.69      1.52   0.40   0.70     0.82     0.4       0.23    31.2     20.59     20.82
 4  3    peaky  25  15.0  0.5452    3.91      1.42   0.56   0.60     0.67     0.4       0.27    27.8     19.50     19.76
 4  3 rational  25  15.0  0.3108    1.28      1.84   1.12   1.03     1.21     0.8       0.39    34.4     18.73     19.11
 6  4     flat   4 358.0  0.0338    1.17      5.49   2.25   3.08     3.40     6.2       1.10    87.0     16.03     17.12
 6  4 rational   4 358.0  0.0629    1.23      4.04   3.25   2.51     2.78     3.2       0.84    68.5     16.90     17.75
 6  4    peaky   4 358.0  0.2780    2.11      2.45   1.25   1.46     1.62     3.0       0.89    49.0     20.11     21.00
 7  4     flat   4 865.0  0.0253    1.15      6.29   2.00   3.36     3.68     8.2       1.31   106.8     16.98     18.29
 7  4 rational   4 865.0  0.0323    1.10      5.61   1.50   3.12     3.44     3.2       0.57    79.2     14.08     14.65
 7  4    peaky   4 865.0  0.4001    5.55      1.96   1.25   1.08     1.15     0.8       0.32    35.2     18.02     18.34
 6  5     flat   4 2065.0  0.0112    1.06      9.50   5.25   4.15     4.50    15.5       1.61   161.8     16.93     18.54
 6  5 rational   4 2065.0  0.0232    1.11      6.74   2.25   3.48     3.80     3.0       0.44   104.2     15.48     15.92
 6  5    peaky   4 2065.0  0.2679    5.36      2.45   1.75   1.54     1.63     2.2       0.93    48.0     20.00     20.93
 7  5     flat   4 6821.0  0.0064    1.01     13.07   5.25   4.77     5.12    23.8       1.80   220.0     16.44     18.24
 7  5 rational   4 6821.0  0.0172    1.14      7.88   4.00   3.81     4.11     7.2       0.99   123.2     15.70     16.70
 7  5    peaky   4 6821.0  0.1002    1.87      4.02   2.00   2.44     2.65     0.8       0.15    63.2     16.45     16.60
 6  6     flat   4 8456.0  0.0049    1.13     14.49   5.25   5.01     5.34     6.5       0.44   215.5     14.94     15.38
 6  6 rational   4 8456.0  0.0173    1.08      7.83   4.75   3.77     4.09    10.0       1.29   116.0     14.92     16.21
 6  6    peaky   4 8456.0  0.4358    8.90      1.58   0.75   0.86     0.89     0.8       0.42    29.8     18.86     19.27
 5  6     flat   4 1996.0  0.0092    1.09     10.47   5.50   4.35     4.70    15.0       1.43   149.0     14.24     15.67
 5  6 rational   4 1996.0  0.0234    1.19      6.83   3.25   3.51     3.81     8.8       1.18   110.8     16.02     17.20
 5  6    peaky   4 1996.0  0.3498    6.13      2.21   0.50   1.32     1.40     2.0       0.64    43.5     20.43     21.07

ALL 272: rounds mean 1.11 vs exact E[rounds] 1.15 vs bound ln(1/p*) 1.28; max rounds 8
  G_search/(1/sqrt p*): mean 0.36, max 3.07  (bound 9 = (9/2)*2)
  G_detect: mean 47.0 vs K*(M_cap+1)/2 = 41.2;  G_detect/(1/sqrt p*) mean 19.64
  EXT only (n=72): p* range 0.0041-0.6170; rounds mean 2.89 vs E[r] 2.98 vs ln(1/p*) 3.23; G_search/inv 0.91 (max 2.94); G_tot/inv 17.72

PRECISION: oracle computes p~ = floor(p*2^b)/2^b (absolute fixed point, theta floored at 2^-b for the cap).
  b tables  safe(p*-p2>2^-b) safe&wrong  ambig ambig&wrong p~-argmax ok
  3    272               161          0    111          66          272
  4    272               183          0     89          55          272
  6    272               216          0     56          42          272
  8    272               230          0     42          12          272
 10    272               249          0     23           5          272
 12    272               259          0     13           4          272
GATE precision: returned label always maximises the ROUNDED oracle, and is never wrong when p*-p2 > 2^-b -> PASS
