  fam=peaky0.8 T=8 W=3 exp_final=3 max|V_u|=3
  fam=peaky0.8 T=8 W=3 exp_final=2 max|V_u|=3
  fam=peaky0.8 T=10 W=3 exp_final=4 max|V_u|=5
  fam=peaky0.8 T=10 W=3 exp_final=2 max|V_u|=2
  fam=peaky0.8 T=7 W=4 exp_final=1 max|V_u|=2
  fam=peaky0.8 T=7 W=4 exp_final=1 max|V_u|=1
  fam=peaky0.8 T=8 W=4 exp_final=3 max|V_u|=3
  fam=peaky0.8 T=8 W=4 exp_final=4 max|V_u|=5
  fam=peaky0.6 T=8 W=3 exp_final=3 max|V_u|=4
  fam=peaky0.6 T=8 W=3 exp_final=4 max|V_u|=3
  fam=peaky0.6 T=10 W=3 exp_final=5 max|V_u|=4
  fam=peaky0.6 T=10 W=3 exp_final=6 max|V_u|=4
  fam=peaky0.6 T=7 W=4 exp_final=2 max|V_u|=3
  fam=peaky0.6 T=7 W=4 exp_final=3 max|V_u|=3
  fam=peaky0.6 T=8 W=4 exp_final=3 max|V_u|=3
  fam=peaky0.6 T=8 W=4 exp_final=4 max|V_u|=2
  fam=flat T=8 W=3 exp_final=7 max|V_u|=4
  fam=flat T=8 W=3 exp_final=7 max|V_u|=4
  fam=flat T=10 W=3 exp_final=9 max|V_u|=5
  fam=flat T=10 W=3 exp_final=9 max|V_u|=5
  fam=flat T=7 W=4 exp_final=10 max|V_u|=3
  fam=flat T=7 W=4 exp_final=10 max|V_u|=3
  fam=flat T=8 W=4 exp_final=22 max|V_u|=4
  fam=flat T=8 W=4 exp_final=22 max|V_u|=4
  fam=blankdom0.5 T=8 W=3 exp_final=5 max|V_u|=3
  fam=blankdom0.5 T=8 W=3 exp_final=5 max|V_u|=3
  fam=blankdom0.5 T=10 W=3 exp_final=7 max|V_u|=4
  fam=blankdom0.5 T=10 W=3 exp_final=7 max|V_u|=4
  fam=blankdom0.5 T=7 W=4 exp_final=4 max|V_u|=2
  fam=blankdom0.5 T=7 W=4 exp_final=4 max|V_u|=2
  fam=blankdom0.5 T=8 W=4 exp_final=4 max|V_u|=3
  fam=blankdom0.5 T=8 W=4 exp_final=4 max|V_u|=3
  fam=random T=8 W=3 exp_final=4 max|V_u|=3
  fam=random T=8 W=3 exp_final=4 max|V_u|=3
  fam=random T=10 W=3 exp_final=5 max|V_u|=4
  fam=random T=10 W=3 exp_final=5 max|V_u|=4
  fam=random T=7 W=4 exp_final=6 max|V_u|=4
  fam=random T=7 W=4 exp_final=5 max|V_u|=5
  fam=random T=8 W=4 exp_final=6 max|V_u|=4
  fam=random T=8 W=4 exp_final=6 max|V_u|=5
GATE A5 every expanded u has a labelling u.v (v a suffix mode) with p >= p*/|V_u| (distinct suffix modes): 227 expanded nodes, violations 0 -> PASS
