GATE real table b-atcc_TWR-34720N_002001_002559_AT T=278: P(Sigma*)=1.000000000000007 -> PASS; P({mode})=2.052256e-02 ctc_forward=2.052256e-02 A4 p*=2.052256e-02 -> PASS
  [SID "one hotel departure"] |Q|=22/162/123 P(correct)=9.7158e-01 P(competing)=1.2547e-02 P(residual)=1.5875e-02 sum=1.000000000000 PASS cond=0.987251 | beam50 C=1.8103e-01 K=0.0000e+00 | beam800 C=4.4800e-01 K=0.0000e+00 | mode in C ref in C | top competing: None | 0.11s
[a4] uwb-atcc_TWR-34720N_002001_002559_AT T=278 p*=2.052e-02 beam50 mass=0.1810 (0.2s) beam800 mass=0.4480 (4.0s)
GATE real table b-atcc_TWR-a1WcrN_000157_000469_AT T=155: P(Sigma*)=1.000000000000002 -> PASS; P({mode})=8.240881e-01 ctc_forward=8.240881e-01 A4 p*=8.240881e-01 -> PASS
  [callsign NOR-SHUTTLE 1515] |Q|=192/338/143 P(correct)=8.4820e-01 P(competing)=7.3610e-03 P(residual)=1.4444e-01 sum=1.000000000000 PASS cond=0.991396 | beam50 C=8.3741e-01 K=3.9626e-04 | beam800 C=8.4512e-01 K=4.9705e-03 | mode in C ref in C | top competing: ('nor shuttle one fiv one five line up runway three one', 0.00039625589624508935) | 0.08s
  [runway 31] |Q|=123/163/35 P(correct)=9.8539e-01 P(competing)=1.2879e-03 P(residual)=1.3322e-02 sum=1.000000000000 PASS cond=0.998695 | beam50 C=9.5582e-01 K=5.7394e-04 | beam800 C=9.7561e-01 K=1.1655e-03 | mode in C ref in C | top competing: ('nor shuttle one five one five line up runway three ne', 0.00029361523222557444) | 0.06s
  [phrase "line up"] |Q|=10/56/46 P(correct)=9.9330e-01 P(competing)=7.5237e-24 P(residual)=6.7028e-03 sum=1.000000000000 PASS cond=1.0 | beam50 C=9.5892e-01 K=0.0000e+00 | beam800 C=9.8265e-01 K=0.0000e+00 | mode in C ref in C | top competing: None | 0.06s
[a4] uwb-atcc_TWR-a1WcrN_000157_000469_AT T=155 p*=8.241e-01 beam50 mass=0.9613 (0.1s) beam800 mass=0.9872 (1.9s)
GATE real table b-atcc_TWR-a3o8f0_000000_000352_AT T=175: P(Sigma*)=1.000000000000002 -> PASS; P({mode})=3.780197e-01 ctc_forward=3.780197e-01 A4 p*=3.780197e-01 -> PASS
  [callsign OPERA-JET 300] |Q|=184/329/141 P(correct)=9.6077e-01 P(competing)=5.0363e-03 P(residual)=3.4193e-02 sum=1.000000000000 PASS cond=0.994785 | beam50 C=8.6930e-01 K=0.0000e+00 | beam800 C=9.3207e-01 K=1.6689e-03 | mode in C ref in C | top competing: ('opera jet three zero zerojust for confirmation vo one hotel', 0.0003930535408300517) | 0.09s
  ["one hotel" after confirmation] |Q|=178/325/144 P(correct)=3.1276e-02 P(competing)=2.5116e-04 P(residual)=9.6847e-01 sum=1.000000000000 PASS cond=0.992034 | beam50 C=2.7827e-02 K=2.1809e-05 | beam800 C=2.9468e-02 K=1.5749e-04 | mode in Z ref in C | top competing: ('opera jet three zero zero just for confirmation one htel', 4.173886576021331e-05) | 0.09s
[a4] uwb-atcc_TWR-a3o8f0_000000_000352_AT T=175 p*=3.780e-01 beam50 mass=0.8730 (0.1s) beam800 mass=0.9534 (2.3s)
GATE real table b-atcc_TWR-A5lZHJ_000000_000613_AT T=306: P(Sigma*)=1.000000000000003 -> PASS; P({mode})=7.750236e-01 ctc_forward=7.750236e-01 A4 p*=7.750236e-01 -> PASS
  [callsign CSA 37A] |Q|=176/315/135 P(correct)=9.8584e-01 P(competing)=4.1669e-03 P(residual)=9.9900e-03 sum=1.000000000000 PASS cond=0.995791 | beam50 C=8.9286e-01 K=0.0000e+00 | beam800 C=9.4995e-01 K=6.7225e-04 | mode in C ref in C | top competing: ('csa three seve alfa runway three one cleared for takeoff wind one six zro degrees five knots', 0.00014952822210839438) | 0.17s
  [runway 31] |Q|=123/163/35 P(correct)=9.8676e-01 P(competing)=2.1237e-03 P(residual)=1.1119e-02 sum=1.000000000000 PASS cond=0.997852 | beam50 C=8.9320e-01 K=0.0000e+00 | beam800 C=9.4859e-01 K=1.0950e-03 | mode in C ref in C | top competing: ('csa three seven alfa runway three ne cleared for takeoff wind one six zro degrees five knots', 0.0003777938720066215) | 0.13s
  [phrase "cleared for takeoff"] |Q|=22/77/55 P(correct)=9.2918e-01 P(competing)=2.2032e-22 P(residual)=7.0821e-02 sum=1.000000000000 PASS cond=1.0 | beam50 C=8.5946e-01 K=0.0000e+00 | beam800 C=9.0197e-01 K=0.0000e+00 | mode in C ref in C | top competing: None | 0.11s
  [wind 160] |Q|=111/149/33 P(correct)=4.0469e-02 P(competing)=9.4916e-01 P(residual)=1.0370e-02 sum=1.000000000000 PASS cond=0.040894 | beam50 C=3.5119e-02 K=8.5779e-01 | beam800 C=3.7569e-02 K=9.1228e-01 | mode in K ref in C | top competing: ('csa three seven alfa runway three one cleared for takeoff wind one six zro degrees five knots', 0.7750235990554962) | 0.12s
  [knots 5 (after degrees)] |Q|=153/194/36 P(correct)=9.7869e-01 P(competing)=7.8895e-09 P(residual)=2.1305e-02 sum=1.000000000000 PASS cond=1.0 | beam50 C=8.8784e-01 K=0.0000e+00 | beam800 C=9.4209e-01 K=0.0000e+00 | mode in C ref in C | top competing: None | 0.14s
[a4] uwb-atcc_TWR-A5lZHJ_000000_000613_AT T=306 p*=7.750e-01 beam50 mass=0.8946 (0.2s) beam800 mass=0.9558 (4.8s)
GATE real table atcc_TWR-A5lZHJ_002805_003388_PIAT T=291: P(Sigma*)=0.999999999999995 -> PASS; P({mode})=7.305873e-02 ctc_forward=7.305873e-02 A4 p*=7.305873e-02 -> PASS
  [callsign AUSTRIAN 706P] |Q|=190/332/140 P(correct)=9.8485e-01 P(competing)=1.0767e-02 P(residual)=4.3810e-03 sum=1.000000000000 PASS cond=0.989186 | beam50 C=3.3027e-01 K=0.0000e+00 | beam800 C=5.6451e-01 K=1.5902e-03 | mode in C ref in C | top competing: ('ruzyne austrian seven zero six papa one lima austrian seven zero six papa tower good morning', 0.0005769496460496708) | 0.16s
[a4] uwb-atcc_TWR-A5lZHJ_002805_003388_PIAT T=291 p*=7.306e-02 beam50 mass=0.3303 (0.2s) beam800 mass=0.5661 (4.5s)
GATE real table b-atcc_TWR-a8R9jE_000144_000596_AT T=225: P(Sigma*)=0.999999999999999 -> PASS; P({mode})=9.370081e-01 ctc_forward=9.370081e-01 A4 p*=9.370081e-01 -> PASS
  [callsign CSA 731] |Q|=172/309/135 P(correct)=9.9219e-01 P(competing)=3.3715e-03 P(residual)=4.4383e-03 sum=1.000000000000 PASS cond=0.996613 | beam50 C=9.6606e-01 K=3.0368e-04 | beam800 C=9.8625e-01 K=2.1486e-03 | mode in C ref in C | top competing: ('csa seven three onecontact ruzyne ground one two one decimal nine', 0.0003036768297731575) | 0.12s
  [frequency 121.9 (after ground)] |Q|=111/260/124 P(correct)=9.6629e-01 P(competing)=2.1878e-08 P(residual)=3.3714e-02 sum=1.000000000000 PASS cond=1.0 | beam50 C=9.4882e-01 K=0.0000e+00 | beam800 C=9.6173e-01 K=0.0000e+00 | mode in C ref in C | top competing: None | 0.11s
[a4] uwb-atcc_TWR-a8R9jE_000144_000596_AT T=225 p*=9.370e-01 beam50 mass=0.9667 (0.1s) beam800 mass=0.9913 (3.2s)
GATE real table atcc_TWR-a8R9jE_000700_001023_PIAT T=161: P(Sigma*)=0.999999999999996 -> PASS; P({mode})=5.296036e-01 ctc_forward=5.296036e-01 A4 p*=5.296036e-01 -> PASS
  [callsign CSA 71] |Q|=160/297/135 P(correct)=6.4952e-01 P(competing)=1.0184e-01 P(residual)=2.4864e-01 sum=1.000000000000 PASS cond=0.864463 | beam50 C=6.2757e-01 K=6.2414e-02 | beam800 C=6.4636e-01 K=8.9880e-02 | mode in C ref in C | top competing: ('one nine csa seven onee', 0.017640933545621833) | 0.08s
  [leading number 19] |Q|=76/81/28 P(correct)=9.2266e-01 P(competing)=1.6158e-02 P(residual)=6.1181e-02 sum=1.000000000000 PASS cond=0.982789 | beam50 C=8.3165e-01 K=3.2445e-03 | beam800 C=8.9710e-01 K=1.0788e-02 | mode in C ref in C | top competing: ('one ninet csa seven one', 0.0011400541971073124) | 0.06s
[a4] uwb-atcc_TWR-a8R9jE_000700_001023_PIAT T=161 p*=5.296e-01 beam50 mass=0.8652 (0.1s) beam800 mass=0.9578 (1.7s)
GATE real table b-atcc_TWR-A64ueL_000128_000777_PI T=324: P(Sigma*)=0.999999999999997 -> PASS; P({mode})=6.401774e-03 ctc_forward=6.401774e-03 A4 p*=6.401774e-03 -> PASS
  [callsign SKY-TRAVEL 1102] |Q|=188/333/142 P(correct)=9.2692e-01 P(competing)=5.6104e-02 P(residual)=1.6973e-02 sum=1.000000000000 PASS cond=0.942927 | beam50 C=1.1910e-01 K=0.0000e+00 | beam800 C=3.6376e-01 K=6.6139e-04 | mode in C ref in C | top competing: ('ruzyne tower sky travel one one zero twostand die due to alfa', 0.000246724090798968) | 0.18s
  [stand 22A (after standing)] |Q|=178/321/140 P(correct)=1.6426e-20 P(competing)=6.8444e-16 P(residual)=1.0000e+00 sum=1.000000000000 PASS cond=2.4e-05 | beam50 C=0.0000e+00 K=0.0000e+00 | beam800 C=0.0000e+00 K=0.0000e+00 | mode in Z ref in C | top competing: None | 0.17s
[a4] uwb-atcc_TWR-A64ueL_000128_000777_PI T=324 p*=6.402e-03 beam50 mass=0.1191 (0.2s) beam800 mass=0.3644 (4.7s)
GATE real table z_20201028_185619-A__000000-000536 T=267: P(Sigma*)=0.999999999999997 -> PASS; P({mode})=2.323073e-01 ctc_forward=2.323073e-01 A4 p*=2.323073e-01 -> PASS
  [callsign OK-FAO] |Q|=194/344/142 P(correct)=3.2643e-01 P(competing)=5.1926e-01 P(residual)=1.5431e-01 sum=1.000000000000 PASS cond=0.385994 | beam50 C=2.7171e-01 K=2.9915e-01 | beam800 C=2.9930e-01 K=4.1061e-01 | mode in C ref in C | top competing: ('oscar kilo foxtrot alf oscar taxi to holding point runway two seven via alfa charlie', 0.13939673630704275) | 0.14s
  [runway 27] |Q|=123/162/35 P(correct)=8.7167e-01 P(competing)=2.8409e-03 P(residual)=1.2549e-01 sum=1.000000000000 PASS cond=0.996751 | beam50 C=5.7745e-01 K=0.0000e+00 | beam800 C=7.2419e-01 K=0.0000e+00 | mode in C ref in C | top competing: None | 0.11s
  [phrase "taxi to holding point"] |Q|=24/73/48 P(correct)=9.3847e-01 P(competing)=2.7392e-17 P(residual)=6.1532e-02 sum=1.000000000000 PASS cond=1.0 | beam50 C=6.0371e-01 K=0.0000e+00 | beam800 C=7.6651e-01 K=0.0000e+00 | mode in C ref in C | top competing: None | 0.09s
  [taxiway A C (after via)] |Q|=168/309/135 P(correct)=9.2320e-01 P(competing)=1.0023e-02 P(residual)=6.6775e-02 sum=1.000000000000 PASS cond=0.98926 | beam50 C=5.8888e-01 K=4.8632e-04 | beam800 C=7.4838e-01 K=3.2946e-03 | mode in C ref in C | top competing: ('oscar kilo foxtrot alfa oscar taxi to holding point runway two seven via alfa carlie', 0.0003865305474670721) | 0.13s
[a4] atco2_test-set-1h_LKTB_BRNO_Tower_119_605MHz_20201028_185619-A__000000-000536 T=267 p*=2.323e-01 beam50 mass=0.6037 (0.2s) beam800 mass=0.7824 (3.6s)
GATE real table z_20201026_111634-A__000000-000395 T=197: P(Sigma*)=1.000000000000001 -> PASS; P({mode})=1.961303e-04 ctc_forward=1.961303e-04 A4 p*=1.961303e-04 -> PASS
  [callsign OK-ELA] |Q|=186/334/142 P(correct)=8.5823e-05 P(competing)=5.1772e-06 P(residual)=9.9991e-01 sum=1.000000000000 PASS cond=0.943108 | beam50 C=0.0000e+00 K=0.0000e+00 | beam800 C=0.0000e+00 K=0.0000e+00 | mode in Z ref in C | top competing: None | 0.10s
  [waypoint TB402] |Q|=184/332/143 P(correct)=9.4771e-01 P(competing)=6.4916e-03 P(residual)=4.5803e-02 sum=1.000000000000 PASS cond=0.993197 | beam50 C=3.7157e-03 K=2.0054e-07 | beam800 C=1.8762e-02 K=3.5717e-06 | mode in C ref in C | top competing: ('kilo echo lima alfa com irm froceeding to tango bravo four zero twro', 4.6513937900519013e-08) | 0.10s
[a4] atco2_test-set-1h_LKTB_BRNO_Approach-Radar_127_350MHz_20201026_111634-A__000000-000395 T=197 p*=1.961e-04 beam50 mass=0.0037 (0.1s) beam800 mass=0.0188 (2.3s)
GATE real table z_20201028_151125-A__000000-000444 T=221: P(Sigma*)=1.000000000000001 -> PASS; P({mode})=8.772432e-01 ctc_forward=8.772432e-01 A4 p*=8.772432e-01 -> PASS
  [callsign CSA 1DZ] |Q|=170/308/135 P(correct)=9.8980e-01 P(competing)=6.1128e-03 P(residual)=4.0903e-03 sum=1.000000000000 PASS cond=0.993862 | beam50 C=9.6116e-01 K=4.5407e-04 | beam800 C=9.8074e-01 K=3.6958e-03 | mode in C ref in C | top competing: ('csa one delta zulo descend flight level one hundred no speed restrictions', 0.000227901487850174) | 0.11s
  [flight level 100] |Q|=163/209/41 P(correct)=9.8088e-01 P(competing)=8.8166e-03 P(residual)=1.0302e-02 sum=1.000000000000 PASS cond=0.991092 | beam50 C=9.5627e-01 K=3.5569e-03 | beam800 C=9.7245e-01 K=7.1992e-03 | mode in C ref in C | top competing: ('csa one delta zulu descend flight level one hudred no speed restrictions', 0.002223392176187803) | 0.09s
  [phrase "descend"] |Q|=10/30/20 P(correct)=9.8238e-01 P(competing)=1.8495e-22 P(residual)=1.7625e-02 sum=1.000000000000 PASS cond=1.0 | beam50 C=9.4887e-01 K=0.0000e+00 | beam800 C=9.7125e-01 K=0.0000e+00 | mode in C ref in C | top competing: None | 0.07s
[a4] atco2_test-set-1h_LKPR_RUZYNE_Radar_120_520MHz_20201028_151125-A__000000-000444 T=221 p*=8.772e-01 beam50 mass=0.9616 (0.1s) beam800 mass=0.9868 (2.9s)
GATE real table z_20201028_151125-G__000444-000934 T=244: P(Sigma*)=1.000000000000000 -> PASS; P({mode})=8.794059e-03 ctc_forward=8.794059e-03 A4 p*=8.794059e-03 -> PASS
  [flight level 100  [ERROR CASE: mode "one on eight"]] |Q|=163/209/41 P(correct)=3.4069e-09 P(competing)=9.5382e-01 P(residual)=4.6183e-02 sum=1.000000000000 PASS cond=0.0 | beam50 C=0.0000e+00 K=1.3010e-01 | beam800 C=0.0000e+00 K=3.5982e-01 | mode in K ref in C | top competing: ('descending flight level one on eight free speed csa one delta zulu', 0.008794058920566531) | 0.10s
  [callsign CSA 1DZ] |Q|=170/308/135 P(correct)=9.4403e-01 P(competing)=4.1823e-02 P(residual)=1.4149e-02 sum=1.000000000000 PASS cond=0.957576 | beam50 C=1.2946e-01 K=6.4231e-04 | beam800 C=3.5633e-01 K=3.4921e-03 | mode in C ref in C | top competing: ('descending flight level one on eight free speed csa one delta zulou', 5.157829898922867e-05) | 0.13s
[a4] atco2_test-set-1h_LKPR_RUZYNE_Radar_120_520MHz_20201028_151125-G__000444-000934 T=244 p*=8.794e-03 beam50 mass=0.1301 (0.1s) beam800 mass=0.3598 (2.9s)
GATE real table z_20201026_145941-G__000000-000349 T=174: P(Sigma*)=1.000000000000003 -> PASS; P({mode})=1.345886e-04 ctc_forward=1.345886e-04 A4 p*=1.345886e-04 -> PASS
  [callsign OK-HHH  [ERROR CASE: mode "kio hotel"]] |Q|=220/380/142 P(correct)=1.3869e-07 P(competing)=5.8386e-03 P(residual)=9.9416e-01 sum=1.000000000000 PASS cond=2.4e-05 | beam50 C=0.0000e+00 K=1.3835e-04 | beam800 C=0.0000e+00 K=4.7588e-04 | mode in Z ref in C | top competing: ('oscar kilo kilo hotel please confirm one er holding', 5.90471635097677e-05) | 0.09s
[a4] atco2_test-set-1h_LKPR_RUZYNE_Radar_120_520MHz_20201026_145941-G__000000-000349 T=174 p*=1.346e-04 beam50 mass=0.0020 (0.1s) beam800 mass=0.0091 (2.1s)
GATE real table z_20201025_144043-B__000000-000332 T=165: P(Sigma*)=1.000000000000000 -> PASS; P({mode})=8.093751e-03 ctc_forward=8.093751e-03 A4 p*=8.093751e-03 -> PASS
  [callsign EUROWINGS 1TK] |Q|=184/329/142 P(correct)=2.0160e-02 P(competing)=2.1736e-03 P(residual)=9.7767e-01 sum=1.000000000000 PASS cond=0.902673 | beam50 C=0.0000e+00 K=0.0000e+00 | beam800 C=1.1502e-02 K=3.5055e-04 | mode in Z ref in C | top competing: ('ruzyne tower hello an eurowings one tango klo', 3.78740341818899e-05) | 0.09s
[a4] atco2_test-set-1h_LKPR_RUZYNE_Tower_134_560MHz_20201025_144043-B__000000-000332 T=165 p*=8.094e-03 beam50 mass=0.1241 (0.1s) beam800 mass=0.3174 (1.9s)
GATE real table z_20201025_144043-A__000334-000742 T=203: P(Sigma*)=0.999999999999999 -> PASS; P({mode})=4.692298e-02 ctc_forward=4.692298e-02 A4 p*=4.692298e-02 -> PASS
  [callsign EUROWINGS 1TK] |Q|=184/329/142 P(correct)=1.5566e-02 P(competing)=1.1869e-03 P(residual)=9.8325e-01 sum=1.000000000000 PASS cond=0.929154 | beam50 C=1.4673e-02 K=0.0000e+00 | beam800 C=1.4736e-02 K=4.3805e-04 | mode in Z ref in C | top competing: ('eurowings one tango kil ruzyne tower good afternoon go ahead', 0.00022055557700217663) | 0.10s
[a4] atco2_test-set-1h_LKPR_RUZYNE_Tower_134_560MHz_20201025_144043-A__000334-000742 T=203 p*=4.692e-02 beam50 mass=0.3021 (0.1s) beam800 mass=0.5535 (2.2s)
GATE real table z_20201025_144043-B__000744-001212 T=233: P(Sigma*)=1.000000000000003 -> PASS; P({mode})=1.680902e-01 ctc_forward=1.680902e-01 A4 p*=1.680902e-01 -> PASS
  [runway 24] |Q|=121/160/35 P(correct)=9.5673e-01 P(competing)=7.4018e-03 P(residual)=3.5865e-02 sum=1.000000000000 PASS cond=0.992323 | beam50 C=6.1355e-01 K=0.0000e+00 | beam800 C=7.7680e-01 K=1.7856e-03 | mode in C ref in C | top competing: ('just requested do you think there is a chance for us to get runway two for for departure', 0.00022909167123122865) | 0.09s
[a4] atco2_test-set-1h_LKPR_RUZYNE_Tower_134_560MHz_20201025_144043-B__000744-001212 T=233 p*=1.681e-01 beam50 mass=0.6205 (0.2s) beam800 mass=0.7916 (3.2s)
REAL-TABLE GATES PASS
